Component: Arm Compiler for Embedded 6.24 Tool: armlink [5f371500]

==============================================================================

Section Cross References

    startup_M55M1.o(.ARM.exidx.text.Default_Handler) refers to startup_M55M1.o(.text.Default_Handler) for [Anonymous Symbol]
    startup_M55M1.o(.text.Reset_Handler) refers to system_M55M1.o(.data.SystemCoreClock) for SystemCoreClock
    startup_M55M1.o(.text.Reset_Handler) refers to startup_M55M1.o(.text.Reset_Handler_PreInit) for Reset_Handler_PreInit
    startup_M55M1.o(.text.Reset_Handler) refers to entry.o(.ARM.Collect$$$$00000000) for __main
    startup_M55M1.o(.ARM.exidx.text.Reset_Handler) refers to startup_M55M1.o(.text.Reset_Handler) for [Anonymous Symbol]
    startup_M55M1.o(.text.HardFault_Handler) refers to retarget.o(.text.ProcessHardFault) for ProcessHardFault
    startup_M55M1.o(.ARM.exidx.text.HardFault_Handler) refers to startup_M55M1.o(.text.HardFault_Handler) for [Anonymous Symbol]
    startup_M55M1.o(.text.Reset_Handler_PreInit) refers to clk.o(.text.CLK_SetBusClock) for CLK_SetBusClock
    startup_M55M1.o(.text.Reset_Handler_PreInit) refers to system_M55M1.o(.text.SystemCoreClockUpdate) for SystemCoreClockUpdate
    startup_M55M1.o(.ARM.exidx.text.Reset_Handler_PreInit) refers to startup_M55M1.o(.text.Reset_Handler_PreInit) for [Anonymous Symbol]
    startup_M55M1.o(RESET) refers to startup_M55M1.o(.text.Reset_Handler) for Reset_Handler
    startup_M55M1.o(RESET) refers to startup_M55M1.o(.text.Default_Handler) for NMI_Handler
    startup_M55M1.o(RESET) refers to startup_M55M1.o(.text.HardFault_Handler) for HardFault_Handler
    startup_M55M1.o(DTCM.VTOR) refers to startup_M55M1.o(.text.Reset_Handler) for Reset_Handler
    startup_M55M1.o(DTCM.VTOR) refers to startup_M55M1.o(.text.Default_Handler) for NMI_Handler
    startup_M55M1.o(DTCM.VTOR) refers to startup_M55M1.o(.text.HardFault_Handler) for HardFault_Handler
    startup_M55M1.o(DTCM.VTOR) refers to portasm.o(.text.SVC_Handler) for SVC_Handler
    startup_M55M1.o(DTCM.VTOR) refers to portasm.o(.text.PendSV_Handler) for PendSV_Handler
    startup_M55M1.o(DTCM.VTOR) refers to port.o(.text.SysTick_Handler) for SysTick_Handler
    startup_M55M1.o(DTCM.VTOR) refers to emac.o(ITCM) for EMAC0_IRQHandler
    system_M55M1.o(.text.SystemCoreClockUpdate) refers to clk.o(.text.CLK_SystemClockUpdate) for CLK_SystemClockUpdate
    system_M55M1.o(.text.SystemCoreClockUpdate) refers to system_M55M1.o(.data.SystemCoreClock) for SystemCoreClock
    system_M55M1.o(.text.SystemCoreClockUpdate) refers to system_M55M1.o(.data.CyclesPerUs) for CyclesPerUs
    system_M55M1.o(.ARM.exidx.text.SystemCoreClockUpdate) refers to system_M55M1.o(.text.SystemCoreClockUpdate) for [Anonymous Symbol]
    system_M55M1.o(.ARM.exidx.text.SetDebugUartMFP) refers to system_M55M1.o(.text.SetDebugUartMFP) for [Anonymous Symbol]
    system_M55M1.o(.text.SetDebugUartCLK) refers to clk.o(.text.CLK_EnableXtalRC) for CLK_EnableXtalRC
    system_M55M1.o(.text.SetDebugUartCLK) refers to clk.o(.text.CLK_WaitClockReady) for CLK_WaitClockReady
    system_M55M1.o(.text.SetDebugUartCLK) refers to clk.o(.text.CLK_SetModuleClock) for CLK_SetModuleClock
    system_M55M1.o(.text.SetDebugUartCLK) refers to clk.o(.text.CLK_EnableModuleClock) for CLK_EnableModuleClock
    system_M55M1.o(.text.SetDebugUartCLK) refers to sys.o(.text.SYS_ResetModule) for SYS_ResetModule
    system_M55M1.o(.ARM.exidx.text.SetDebugUartCLK) refers to system_M55M1.o(.text.SetDebugUartCLK) for [Anonymous Symbol]
    system_M55M1.o(.text.InitDebugUart) refers to uart.o(.text.UART_Open) for UART_Open
    system_M55M1.o(.ARM.exidx.text.InitDebugUart) refers to system_M55M1.o(.text.InitDebugUart) for [Anonymous Symbol]
    system_M55M1.o(.text.InitPreDefMPURegion) refers to system_M55M1.o(.bss.g_u32NonCacheableBase) for g_u32NonCacheableBase
    system_M55M1.o(.text.InitPreDefMPURegion) refers to system_M55M1.o(.bss.g_u32NonCacheableLimit) for g_u32NonCacheableLimit
    system_M55M1.o(.ARM.exidx.text.InitPreDefMPURegion) refers to system_M55M1.o(.text.InitPreDefMPURegion) for [Anonymous Symbol]
    system_M55M1.o(.text.SystemInit) refers to startup_M55M1.o(DTCM.VTOR) for DTCM_VECTOR_TABLE
    system_M55M1.o(.text.SystemInit) refers to system_M55M1.o(.text.InitPreDefMPURegion) for InitPreDefMPURegion
    system_M55M1.o(.ARM.exidx.text.SystemInit) refers to system_M55M1.o(.text.SystemInit) for [Anonymous Symbol]
    system_M55M1.o(.init_array) refers to system_M55M1.o(.text.SystemInit) for SystemInit
    main.o(.text.main) refers to system_M55M1.o(.data.SystemCoreClock) for SystemCoreClock
    main.o(.text.main) refers to clk.o(.text.CLK_EnableXtalRC) for CLK_EnableXtalRC
    main.o(.text.main) refers to clk.o(.text.CLK_WaitClockReady) for CLK_WaitClockReady
    main.o(.text.main) refers to clk.o(.text.CLK_SetBusClock) for CLK_SetBusClock
    main.o(.text.main) refers to system_M55M1.o(.text.SystemCoreClockUpdate) for SystemCoreClockUpdate
[...]
    memp_SYS_TIMEOUT                         0x00127b3c   Data          12  memp.o(.rodata.memp_SYS_TIMEOUT)
    memp_TCPIP_MSG_API                       0x00127b48   Data          12  memp.o(.rodata.memp_TCPIP_MSG_API)
    memp_TCPIP_MSG_INPKT                     0x00127b54   Data          12  memp.o(.rodata.memp_TCPIP_MSG_INPKT)
    memp_TCP_PCB                             0x00127b60   Data          12  memp.o(.rodata.memp_TCP_PCB)
    memp_TCP_PCB_LISTEN                      0x00127b6c   Data          12  memp.o(.rodata.memp_TCP_PCB_LISTEN)
    memp_TCP_SEG                             0x00127b78   Data          12  memp.o(.rodata.memp_TCP_SEG)
    memp_UDP_PCB                             0x00127b84   Data          12  memp.o(.rodata.memp_UDP_PCB)
    memp_emac_rx                             0x00127b90   Data          12  emac.o(.rodata.memp_emac_rx)
    memp_pools                               0x00127b9c   Data          52  memp.o(.rodata.memp_pools)
    netconn_aborted                          0x00127bd0   Data           1  api_msg.o(.rodata.netconn_aborted)
    netconn_closed                           0x00127bd1   Data           1  api_msg.o(.rodata.netconn_closed)
    netconn_reset                            0x00127bd2   Data           1  api_msg.o(.rodata.netconn_reset)
    tcp_pcb_lists                            0x00128d78   Data          16  tcp.o(.rodata.tcp_pcb_lists)
    uxTopUsedPriority                        0x00128d90   Data           4  tasks.o(.rodata.uxTopUsedPriority)
    Region$$Table$$Base                      0x00128d94   Number         0  anon$$obj.o(Region$$Table)
    Region$$Table$$Limit                     0x00128de4   Number         0  anon$$obj.o(Region$$Table)
    SHT$$INIT_ARRAY$$Base                    0x00128de4   Number         0  system_M55M1.o(.init_array)
    SHT$$INIT_ARRAY$$Limit                   0x00128de8   Number         0  cpp_init.o(.init_array)
    DTCM_VECTOR_TABLE                        0x20000000   Data         712  startup_M55M1.o(DTCM.VTOR)
    Image$$ARM_LIB_STACK$$ZI$$Base           0x2001f800   Number         0  anon$$obj.o ABSOLUTE
    Image$$ARM_LIB_STACK$$ZI$$Limit          0x20020000   Number         0  anon$$obj.o ABSOLUTE
    __stdout                                 0x20100000   Data           4  stdout.o(.data)
    CyclesPerUs                              0x20100004   Data           4  system_M55M1.o(.data.CyclesPerUs)
    PllClock                                 0x20100008   Data           4  system_M55M1.o(.data.PllClock)
    SystemCoreClock                          0x2010000c   Data           4  system_M55M1.o(.data.SystemCoreClock)
    my_mac_addr                              0x20100010   Data           6  main.o(.data.my_mac_addr)
    _netif                                   0x20100100   Data           4  ethernetif.o(.bss._netif)
    fs_memory                                0x20100200   Data         240  fs.o(.bss.fs_memory)
    g_u32NonCacheableBase                    0x201002f0   Data           4  system_M55M1.o(.bss.g_u32NonCacheableBase)
    g_u32NonCacheableLimit                   0x201002f4   Data           4  system_M55M1.o(.bss.g_u32NonCacheableLimit)
    ip_data                                  0x20100318   Data          24  ip.o(.bss.ip_data)
    lock_tcpip_core                          0x20100338   Data           4  tcpip.o(.bss.lock_tcpip_core)
    memp_memory_FRAG_PBUF_base               0x20100340   Data         363  memp.o(.bss.memp_memory_FRAG_PBUF_base)
    memp_memory_NETBUF_base                  0x201004ab   Data          35  memp.o(.bss.memp_memory_NETBUF_base)
    memp_memory_NETCONN_base                 0x201004ce   Data         163  memp.o(.bss.memp_memory_NETCONN_base)
    memp_memory_PBUF_POOL_base               0x20100571   Data       34307  memp.o(.bss.memp_memory_PBUF_POOL_base)
    memp_memory_PBUF_base                    0x20108b74   Data        1027  memp.o(.bss.memp_memory_PBUF_base)
    memp_memory_REASSDATA_base               0x20108f77   Data         163  memp.o(.bss.memp_memory_REASSDATA_base)
    memp_memory_SYS_TIMEOUT_base             0x2010901a   Data          51  memp.o(.bss.memp_memory_SYS_TIMEOUT_base)
    memp_memory_TCPIP_MSG_API_base           0x2010904d   Data         131  memp.o(.bss.memp_memory_TCPIP_MSG_API_base)
    memp_memory_TCPIP_MSG_INPKT_base         0x201090d0   Data         131  memp.o(.bss.memp_memory_TCPIP_MSG_INPKT_base)
    memp_memory_TCP_PCB_LISTEN_base          0x20109153   Data         227  memp.o(.bss.memp_memory_TCP_PCB_LISTEN_base)
    memp_memory_TCP_PCB_base                 0x20109236   Data         783  memp.o(.bss.memp_memory_TCP_PCB_base)
    memp_memory_TCP_SEG_base                 0x20109545   Data         259  memp.o(.bss.memp_memory_TCP_SEG_base)
    memp_memory_UDP_PCB_base                 0x20109648   Data         131  memp.o(.bss.memp_memory_UDP_PCB_base)
    memp_memory_emac_rx_base                 0x201096cb   Data         771  emac.o(.bss.memp_memory_emac_rx_base)
    netif                                    0x20109a08   Data          48  main.o(.bss.netif)
    netif_default                            0x20109a38   Data           4  netif.o(.bss.netif_default)
    netif_list                               0x20109a3c   Data           4  netif.o(.bss.netif_list)
    pbuf_free_ooseq_pending                  0x20109a48   Data           1  pbuf.o(.bss.pbuf_free_ooseq_pending)
    pxCurrentTCB                             0x20109a60   Data           4  tasks.o(.bss.pxCurrentTCB)
    ram_heap                                 0x20109b1c   Data       30019  mem.o(.bss.ram_heap)
    tcp_active_pcbs                          0x2011107c   Data           4  tcp.o(.bss.tcp_active_pcbs)
    tcp_active_pcbs_changed                  0x20111080   Data           1  tcp.o(.bss.tcp_active_pcbs_changed)
    tcp_bound_pcbs                           0x20111084   Data           4  tcp.o(.bss.tcp_bound_pcbs)
    tcp_input_pcb                            0x20111088   Data           4  tcp_in.o(.bss.tcp_input_pcb)
    tcp_listen_pcbs                          0x2011108c   Data           4  tcp.o(.bss.tcp_listen_pcbs)
    tcp_ticks                                0x20111090   Data           4  tcp.o(.bss.tcp_ticks)
    tcp_tw_pcbs                              0x20111098   Data           4  tcp.o(.bss.tcp_tw_pcbs)
    udp_pcbs                                 0x2011d8bc   Data           4  udp.o(.bss.udp_pcbs)
    xQueueRegistry                           0x2011d99c   Data          64  queue.o(.bss.xQueueRegistry)
    xQueueSetReceivingTask                   0x2011d9e0   Data           4  QueueSet.o(.bss.xQueueSetReceivingTask)
    xQueueSetSendingTask                     0x2011d9e4   Data           4  QueueSet.o(.bss.xQueueSetSendingTask)
    xRxSemaphore                             0x2011d9f4   Data           4  ethernetif.o(.bss.xRxSemaphore)
    xRxThread                                0x2011d9f8   Data           4  ethernetif.o(.bss.xRxThread)
    Image$$SRAM_NONCACHEABLE$$Base           0x20230000   Number         0  anon$$obj.o ABSOLUTE
    Image$$SRAM_NONCACHEABLE_END$$Base       0x20250000   Number         0  anon$$obj.o ABSOLUTE



==============================================================================

Memory Map of the image

  Image Entry point : 0x00101335

  Load Region LR_ROM (Base: 0x00100000, Size: 0x000292e8, Max: 0x00200000, ABSOLUTE)

    Execution Region ITCM (Exec base: 0x00000000, Load base: 0x00128de8, Size: 0x00000204, Max: 0x00010000, ABSOLUTE)

    Exec Addr    Load Addr    Size         Type   Attr      Idx    E Section Name        Object

    0x00000000   0x00128de8   0x00000204   Code   RO          127    ITCM                emac.o


    Execution Region ER_ROM (Exec base: 0x00100000, Load base: 0x00100000, Size: 0x00028de8, Max: 0x00200000, ABSOLUTE)

    Exec Addr    Load Addr    Size         Type   Attr      Idx    E Section Name        Object

    0x00100000   0x00100000   0x00000020   Data   RO           12    RESET               startup_M55M1.o
    0x00100020   0x00100020   0x00000000   Code   RO         2489  * .ARM.Collect$$$$00000000  mc_w.l(entry.o)
    0x00100020   0x00100020   0x00000004   Code   RO         2821    .ARM.Collect$$$$00000003  mc_w.l(entry4.o)
    0x00100024   0x00100024   0x00000004   Code   RO         2824    .ARM.Collect$$$$00000004  mc_w.l(entry5.o)
    0x00100028   0x00100028   0x00000000   Code   RO         2826    .ARM.Collect$$$$00000008  mc_w.l(entry7b.o)
    0x00100028   0x00100028   0x00000004   Code   RO         2827    .ARM.Collect$$$$00000009  mc_w.l(entry8a.o)
    0x0010002c   0x0010002c   0x00000000   Code   RO         2828    .ARM.Collect$$$$0000000A  mc_w.l(entry8b.o)
    0x0010002c   0x0010002c   0x00000008   Code   RO         2829    .ARM.Collect$$$$0000000B  mc_w.l(entry9a.o)
    0x00100034   0x00100034   0x00000000   Code   RO         2831    .ARM.Collect$$$$0000000D  mc_w.l(entry10a.o)
    0x00100034   0x00100034   0x00000000   Code   RO         2833    .ARM.Collect$$$$0000000F  mc_w.l(entry11a.o)
    0x00100034   0x00100034   0x00000004   Code   RO         2822    .ARM.Collect$$$$00002714  mc_w.l(entry4.o)
    0x00100038   0x00100038   0x00000040   Code   RO         2535    .text               mc_w.l(memmovea.o)
    0x00100078   0x00100078   0x00000024   Code   RO         2537    .text               mc_w.l(memseta.o)
    0x0010009c   0x0010009c   0x0000001c   Code   RO         2541    .text               mc_w.l(strcmp.o)
    0x001000b8   0x001000b8   0x0000001a   Code   RO         2543    .text               mc_w.l(memcmp.o)
    0x001000d2   0x001000d2   0x0000001e   Code   RO         2547    .text               mc_w.l(strncmp.o)
    0x001000f0   0x001000f0   0x00000028   Code   RO         2819    .text               mc_w.l(cpp_init.o)
    0x00100118   0x00100118   0x00000062   Code   RO         2847    .text               mc_w.l(uldiv.o)
    0x0010017a   0x0010017a   0x00000002   PAD
    0x0010017c   0x0010017c   0x00000030   Code   RO         2873    .text               mc_w.l(init.o)
    0x001001ac   0x001001ac   0x0000001e   Code   RO         2875    .text               mc_w.l(llshl.o)
    0x001001ca   0x001001ca   0x00000020   Code   RO         2877    .text               mc_w.l(llushr.o)
    0x001001ea   0x001001ea   0x00000002   PAD
    0x001001ec   0x001001ec   0x000002a2   Code   RO          772    .text.CLK_EnableAPLL  clk.o
    0x0010048e   0x0010048e   0x00000002   PAD
    0x00100490   0x00100490   0x00000024   Code   RO          786    .text.CLK_EnableModuleClock  clk.o
    0x001004b4   0x001004b4   0x00000010   Code   RO          782    .text.CLK_EnableXtalRC  clk.o
    0x001004c4   0x001004c4   0x00000082   Code   RO          776    .text.CLK_GetAPLL0ClockFreq  clk.o
    0x00100546   0x00100546   0x00000002   PAD
    0x00100548   0x00100548   0x00000118   Code   RO          804    .text.CLK_SetBusClock  clk.o
    0x00100660   0x00100660   0x0000006e   Code   RO          778    .text.CLK_SetModuleClock  clk.o
    0x001006ce   0x001006ce   0x00000002   PAD
    0x001006d0   0x001006d0   0x000002c0   Code   RO          774    .text.CLK_SetSCLK   clk.o
    0x00100990   0x00100990   0x000000d8   Code   RO          766    .text.CLK_SystemClockUpdate  clk.o
    0x00100a68   0x00100a68   0x0000002a   Code   RO          744    .text.CLK_WaitClockReady  clk.o
    0x00100a92   0x00100a92   0x00000002   PAD
    0x00100a94   0x00100a94   0x00000002   Code   RO            4    .text.Default_Handler  startup_M55M1.o
    0x00100a96   0x00100a96   0x00000002   PAD
    0x00100a98   0x00100a98   0x0000001c   Code   RO          133    .text.EMAC_AllocatePktBuf  emac.o
    0x00100ab4   0x00100ab4   0x00000200   Code   RO          125    .text.EMAC_Open     emac.o
    0x00100cb4   0x00100cb4   0x000000d4   Code   RO          131    .text.EMAC_ReceivePkt  emac.o
    0x00100d88   0x00100d88   0x00000044   Code   RO          135    .text.EMAC_TransmitPkt  emac.o
    0x00100dcc   0x00100dcc   0x0000003c   Code   RO         1332    .text.GPIO_SetMode  gpio.o
    0x00100e08   0x00100e08   0x0000003c   Code   RO         1338    .text.GPIO_SetSlewCtl  gpio.o
    0x00100e44   0x00100e44   0x0000001a   Code   RO            8    .text.HardFault_Handler  startup_M55M1.o
    0x00100e5e   0x00100e5e   0x00000002   PAD
    0x00100e60   0x00100e60   0x00000010   Code   RO           31    .text.InitDebugUart  system_M55M1.o
    0x00100e70   0x00100e70   0x0000029c   Code   RO           33    .text.InitPreDefMPURegion  system_M55M1.o
    0x0010110c   0x0010110c   0x00000004   PAD
    0x00101110   0x00101110   0x00000064   Code   RO          667    .text.PendSV_Handler  portasm.o
    0x00101174   0x00101174   0x000001c0   Code   RO          681    .text.ProcessHardFault  retarget.o
    0x00101334   0x00101334   0x000001c4   Code   RO            6  * .text.Reset_Handler  startup_M55M1.o
    0x001014f8   0x001014f8   0x0000001a   Code   RO           10    .text.Reset_Handler_PreInit  startup_M55M1.o
    0x00101512   0x00101512   0x0000000e   PAD
    0x00101520   0x00101520   0x00000024   Code   RO          669    .text.SVC_Handler   portasm.o
    0x00101544   0x00101544   0x00000022   Code   RO          823    .text.SYS_ResetModule  sys.o
    0x00101566   0x00101566   0x00000002   PAD
    0x00101568   0x00101568   0x0000003e   Code   RO           29    .text.SetDebugUartCLK  system_M55M1.o
    0x001015a6   0x001015a6   0x00000002   PAD
    0x001015a8   0x001015a8   0x0000001c   Code   RO           27    .text.SetDebugUartMFP  system_M55M1.o
    0x001015c4   0x001015c4   0x00000028   Code   RO          624    .text.SysTick_Handler  port.o
    0x001015ec   0x001015ec   0x00000032   Code   RO           25    .text.SystemCoreClockUpdate  system_M55M1.o
    0x0010161e   0x0010161e   0x00000002   PAD
    0x00101620   0x00101620   0x0000007c   Code   RO           35    .text.SystemInit    system_M55M1.o
    0x0010169c   0x0010169c   0x000001fe   Code   RO          852    .text.UART_Open     uart.o
    0x0010189a   0x0010189a   0x00000002   PAD
    0x0010189c   0x0010189c   0x00000164   Code   RO         2254    .text.accept_function  api_msg.o
    0x00101a00   0x00101a00   0x00000048   Code   RO          267    .text.eTaskConfirmSleepModeStatus  tasks.o
    0x00101a48   0x00101a48   0x0000008e   Code   RO          209    .text.eTaskGetState  tasks.o
    0x00101ad6   0x00101ad6   0x00000002   PAD
    0x00101ad8   0x00101ad8   0x000001c4   Code   RO         2274    .text.err_tcp       api_msg.o
    0x00101c9c   0x00101c9c   0x00000026   Code   RO         1424    .text.eth_rx_thread_entry  ethernetif.o
    0x00101cc2   0x00101cc2   0x00000002   PAD
    0x00101cc4   0x00101cc4   0x00000230   Code   RO         2043    .text.etharp_find_entry  etharp.o
    0x00101ef4   0x00101ef4   0x0000017c   Code   RO         2047    .text.etharp_input  etharp.o
    0x00102070   0x00102070   0x00000176   Code   RO         2051    .text.etharp_output  etharp.o
    0x001021e6   0x001021e6   0x00000002   PAD
    0x001021e8   0x001021e8   0x000000ec   Code   RO         2053    .text.etharp_output_to_arp_index  etharp.o
    0x001022d4   0x001022d4   0x00000218   Code   RO         2055    .text.etharp_query  etharp.o
    0x001024ec   0x001024ec   0x0000012c   Code   RO         2049    .text.etharp_raw    etharp.o
    0x00102618   0x00102618   0x00000032   Code   RO         2037    .text.etharp_request  etharp.o
    0x0010264a   0x0010264a   0x00000002   PAD
    0x0010264c   0x0010264c   0x000000ae   Code   RO         2035    .text.etharp_tmr    etharp.o
    0x001026fa   0x001026fa   0x00000002   PAD
    0x001026fc   0x001026fc   0x000000ac   Code   RO         2472    .text.ethernet_input  ethernet.o
    0x001027a8   0x001027a8   0x000000c8   Code   RO         2474    .text.ethernet_output  ethernet.o
    0x00102870   0x00102870   0x00000104   Code   RO         1420    .text.ethernetif_init  ethernetif.o
    0x00102974   0x00102974   0x00000026   Code   RO          711    .text.fputc         retarget.o
    0x0010299a   0x0010299a   0x00000002   PAD
    0x0010299c   0x0010299c   0x00000020   Code   RO           82    .text.fs_close      fs.o
    0x001029bc   0x001029bc   0x00000080   Code   RO           80    .text.fs_open       fs.o
    0x00102a3c   0x00102a3c   0x0000002c   Code   RO          108    .text.http_server_netconn_init  httpserver-netconn.o
    0x00102a68   0x00102a68   0x00000084   Code   RO          110    .text.http_server_netconn_thread  httpserver-netconn.o
    0x00102aec   0x00102aec   0x000000e8   Code   RO          106    .text.http_server_serve  httpserver-netconn.o
    0x00102bd4   0x00102bd4   0x00000008   Code   RO         2073    .text.icmp_dest_unreach  icmp.o
    0x00102bdc   0x00102bdc   0x000001f0   Code   RO         2071    .text.icmp_input    icmp.o
    0x00102dcc   0x00102dcc   0x000000c4   Code   RO         2075    .text.icmp_send_response  icmp.o
    0x00102e90   0x00102e90   0x00000008   Code   RO         2077    .text.icmp_time_exceeded  icmp.o
    0x00102e98   0x00102e98   0x00000072   Code   RO         1475    .text.inet_chksum   inet_chksum.o
    0x00102f0a   0x00102f0a   0x00000002   PAD
    0x00102f0c   0x00102f0c   0x000000cc   Code   RO         1477    .text.inet_chksum_pbuf  inet_chksum.o
    0x00102fd8   0x00102fd8   0x0000010a   Code   RO         1467    .text.inet_chksum_pseudo  inet_chksum.o
    0x001030e2   0x001030e2   0x00000002   PAD
    0x001030e4   0x001030e4   0x00000030   Code   RO         2115    .text.ip4_addr_isbroadcast_u32  ip4_addr.o
    0x00103114   0x00103114   0x0000025c   Code   RO         2148    .text.ip4_frag      ip4_frag.o
    0x00103370   0x00103370   0x000001ba   Code   RO         2094    .text.ip4_input     ip4.o
    0x0010352a   0x0010352a   0x00000002   PAD
    0x0010352c   0x0010352c   0x00000026   Code   RO         2096    .text.ip4_output_if  ip4.o
    0x00103552   0x00103552   0x00000002   PAD
    0x00103554   0x00103554   0x0000015c   Code   RO         2098    .text.ip4_output_if_src  ip4.o
    0x001036b0   0x001036b0   0x000006b4   Code   RO         2146    .text.ip4_reass     ip4_frag.o
    0x00103d64   0x00103d64   0x00000070   Code   RO         2092    .text.ip4_route     ip4.o
    0x00103dd4   0x00103dd4   0x000000be   Code   RO         2123    .text.ip4addr_ntoa  ip4_addr.o
    0x00103e92   0x00103e92   0x00000002   PAD
    0x00103e94   0x00103e94   0x0000000c   Code   RO         1469    .text.ip_chksum_pseudo  inet_chksum.o
    0x00103ea0   0x00103ea0   0x000001ac   Code   RO         2144    .text.ip_reass_free_complete_datagram  ip4_frag.o
    0x0010404c   0x0010404c   0x0000003a   Code   RO         2142    .text.ip_reass_tmr  ip4_frag.o
    0x00104086   0x00104086   0x00000002   PAD
    0x00104088   0x00104088   0x0000006c   Code   RO         2150    .text.ipfrag_free_pbuf_custom  ip4_frag.o
    0x001040f4   0x001040f4   0x00000038   Code   RO         1422    .text.low_level_output  ethernetif.o
    0x0010412c   0x0010412c   0x000000d4   Code   RO         1962    .text.lwip_cyclic_timer  timeouts.o
    0x00104200   0x00104200   0x00000004   Code   RO         1443    .text.lwip_htonl    def.o
    0x00104204   0x00104204   0x00000004   Code   RO         1441    .text.lwip_htons    def.o
    0x00104208   0x00104208   0x00000022   Code   RO         1491    .text.lwip_init     init.o
    0x0010422a   0x0010422a   0x00000002   PAD
    0x0010422c   0x0010422c   0x00000036   Code   RO         2242    .text.lwip_netconn_do_bind  api_msg.o
    0x00104262   0x00104262   0x00000002   PAD
    0x00104264   0x00104264   0x000000ee   Code   RO         2266    .text.lwip_netconn_do_close  api_msg.o
    0x00104352   0x00104352   0x00000002   PAD
    0x00104354   0x00104354   0x000002e8   Code   RO         2240    .text.lwip_netconn_do_close_internal  api_msg.o
    0x0010463c   0x0010463c   0x00000158   Code   RO         2236    .text.lwip_netconn_do_delconn  api_msg.o
    0x00104794   0x00104794   0x000000c0   Code   RO         2252    .text.lwip_netconn_do_listen  api_msg.o
    0x00104854   0x00104854   0x000000b0   Code   RO         2230    .text.lwip_netconn_do_newconn  api_msg.o
    0x00104904   0x00104904   0x00000038   Code   RO         2258    .text.lwip_netconn_do_recv  api_msg.o
    0x0010493c   0x0010493c   0x0000010c   Code   RO         2260    .text.lwip_netconn_do_write  api_msg.o
    0x00104a48   0x00104a48   0x00000364   Code   RO         2262    .text.lwip_netconn_do_writemore  api_msg.o
    0x00104dac   0x00104dac   0x00000064   Code   RO         2228    .text.lwip_netconn_is_err_msg  api_msg.o
    0x00104e10   0x00104e10   0x00000194   Code   RO           54    .text.main          main.o
    0x00104fa4   0x00104fa4   0x000002cc   Code   RO         1513    .text.mem_free      mem.o
    0x00105270   0x00105270   0x00000098   Code   RO         1511    .text.mem_init      mem.o
    0x00105308   0x00105308   0x00000230   Code   RO         1517    .text.mem_malloc    mem.o
    0x00105538   0x00105538   0x000001f8   Code   RO         1515    .text.mem_trim      mem.o
    0x00105730   0x00105730   0x00000088   Code   RO         1548    .text.memp_free     memp.o
    0x001057b8   0x001057b8   0x0000006a   Code   RO         1546    .text.memp_free_pool  memp.o
    0x00105822   0x00105822   0x00000002   PAD
    0x00105824   0x00105824   0x00000048   Code   RO         1540    .text.memp_init     memp.o
    0x0010586c   0x0010586c   0x0000002c   Code   RO         1538    .text.memp_init_pool  memp.o
    0x00105898   0x00105898   0x00000098   Code   RO         1544    .text.memp_malloc   memp.o
    0x00105930   0x00105930   0x00000072   Code   RO         1542    .text.memp_malloc_pool  memp.o
    0x001059a2   0x001059a2   0x00000002   PAD
    0x001059a4   0x001059a4   0x00000056   Code   RO          161    .text.mii_check_phy_init  mii.o
    0x001059fa   0x001059fa   0x00000002   PAD
    0x001059fc   0x001059fc   0x00000174   Code   RO          155    .text.mii_ethtool_gset  mii.o
    0x00105b70   0x00105b70   0x000000bc   Code   RO         2318    .text.netbuf_data   netbuf.o
    0x00105c2c   0x00105c2c   0x00000024   Code   RO         2308    .text.netbuf_delete  netbuf.o
    0x00105c50   0x00105c50   0x000000f4   Code   RO         2184    .text.netconn_accept  api_lib.o
    0x00105d44   0x00105d44   0x000000b4   Code   RO         2232    .text.netconn_alloc  api_msg.o
    0x00105df8   0x00105df8   0x00000078   Code   RO         2174    .text.netconn_bind  api_lib.o
    0x00105e70   0x00105e70   0x00000056   Code   RO         2212    .text.netconn_close  api_lib.o
    0x00105ec6   0x00105ec6   0x00000002   PAD
    0x00105ec8   0x00105ec8   0x00000040   Code   RO         2170    .text.netconn_delete  api_lib.o
    0x00105f08   0x00105f08   0x000000ea   Code   RO         2238    .text.netconn_drain  api_msg.o
    0x00105ff2   0x00105ff2   0x00000002   PAD
    0x00105ff4   0x00105ff4   0x0000001c   Code   RO         2186    .text.netconn_err   api_lib.o
    0x00106010   0x00106010   0x000000e8   Code   RO         2234    .text.netconn_free  api_msg.o
    0x001060f8   0x001060f8   0x00000068   Code   RO         2182    .text.netconn_listen_with_backlog  api_lib.o
    0x00106160   0x00106160   0x00000144   Code   RO         2166    .text.netconn_new_with_proto_and_callback  api_lib.o
    0x001062a4   0x001062a4   0x000000e4   Code   RO         2202    .text.netconn_recv  api_lib.o
    0x00106388   0x00106388   0x00000118   Code   RO         2198    .text.netconn_recv_data  api_lib.o
    0x001064a0   0x001064a0   0x0000010e   Code   RO         2192    .text.netconn_recv_data_tcp  api_lib.o
    0x001065ae   0x001065ae   0x00000002   PAD
    0x001065b0   0x001065b0   0x0000001c   Code   RO         2208    .text.netconn_write_partly  api_lib.o
    0x001065cc   0x001065cc   0x00000178   Code   RO         2210    .text.netconn_write_vectors_partly  api_lib.o
    0x00106744   0x00106744   0x00000218   Code   RO         1608    .text.netif_add     netif.o
    0x0010695c   0x0010695c   0x000000e4   Code   RO         1616    .text.netif_do_set_ipaddr  netif.o
    0x00106a40   0x00106a40   0x00000024   Code   RO         1640    .text.netif_get_by_index  netif.o
    0x00106a64   0x00106a64   0x00000002   Code   RO         1602    .text.netif_init    netif.o
    0x00106a66   0x00106a66   0x00000002   PAD
    0x00106a68   0x00106a68   0x00000006   Code   RO         1610    .text.netif_null_output_ip4  netif.o
    0x00106a6e   0x00106a6e   0x00000002   PAD
    0x00106a70   0x00106a70   0x0000000c   Code   RO         1626    .text.netif_set_default  netif.o
    0x00106a7c   0x00106a7c   0x00000068   Code   RO         1628    .text.netif_set_up  netif.o
    0x00106ae4   0x00106ae4   0x00000074   Code   RO          129    .text.nu_emac_pbuf_free  emac.o
    0x00106b58   0x00106b58   0x0000006c   Code   RO         1667    .text.pbuf_add_header  pbuf.o
    0x00106bc4   0x00106bc4   0x000001ac   Code   RO         1657    .text.pbuf_alloc    pbuf.o
    0x00106d70   0x00106d70   0x0000003e   Code   RO         1663    .text.pbuf_alloced_custom  pbuf.o
    0x00106dae   0x00106dae   0x00000002   PAD
    0x00106db0   0x00106db0   0x0000010c   Code   RO         1685    .text.pbuf_cat      pbuf.o
    0x00106ebc   0x00106ebc   0x00000012   Code   RO         1681    .text.pbuf_clen     pbuf.o
    0x00106ece   0x00106ece   0x00000002   PAD
    0x00106ed0   0x00106ed0   0x00000042   Code   RO         1705    .text.pbuf_clone    pbuf.o
    0x00106f12   0x00106f12   0x00000002   PAD
    0x00106f14   0x00106f14   0x000001b0   Code   RO         1691    .text.pbuf_copy     pbuf.o
    0x001070c4   0x001070c4   0x000000dc   Code   RO         1693    .text.pbuf_copy_partial  pbuf.o
    0x001071a0   0x001071a0   0x00000134   Code   RO         1661    .text.pbuf_free     pbuf.o
    0x001072d4   0x001072d4   0x00000036   Code   RO         1719    .text.pbuf_free_ooseq_callback  pbuf.o
    0x0010730a   0x0010730a   0x00000002   PAD
    0x0010730c   0x0010730c   0x00000006   Code   RO         1677    .text.pbuf_header_force  pbuf.o
    0x00107312   0x00107312   0x00000002   PAD
    0x00107314   0x00107314   0x000000e6   Code   RO         1675    .text.pbuf_header_impl  pbuf.o
    0x001073fa   0x001073fa   0x00000002   PAD
    0x001073fc   0x001073fc   0x00000114   Code   RO         1665    .text.pbuf_realloc  pbuf.o
    0x00107510   0x00107510   0x00000042   Code   RO         1683    .text.pbuf_ref      pbuf.o
    0x00107552   0x00107552   0x00000002   PAD
    0x00107554   0x00107554   0x00000078   Code   RO         1671    .text.pbuf_remove_header  pbuf.o
    0x001075cc   0x001075cc   0x00000014   Code   RO         1309    .text.plat_delay    synopGMAC_plat.o
    0x001075e0   0x001075e0   0x00000082   Code   RO         2272    .text.poll_tcp      api_msg.o
    0x00107662   0x00107662   0x00000002   PAD
    0x00107664   0x00107664   0x0000009e   Code   RO          203    .text.prvAddCurrentTaskToDelayedList  tasks.o
    0x00107702   0x00107702   0x00000002   PAD
    0x00107704   0x00107704   0x00000070   Code   RO          336    .text.prvCheckForValidListAndQueue  timers.o
    0x00107774   0x00107774   0x000000d6   Code   RO          582    .text.prvCheckReceivedValue  QueueSet.o
    0x0010784a   0x0010784a   0x00000002   PAD
    0x0010784c   0x0010784c   0x00000050   Code   RO          506    .text.prvHighPriorityMutexTask  GenQTest.o
    0x0010789c   0x0010789c   0x00000116   Code   RO          225    .text.prvIdleTask   tasks.o
    0x001079b2   0x001079b2   0x00000002   PAD
    0x001079b4   0x001079b4   0x0000023a   Code   RO          502    .text.prvLowPriorityMutexTask  GenQTest.o
    0x00107bee   0x00107bee   0x00000002   PAD
    0x00107bf0   0x00107bf0   0x00000016   Code   RO          504    .text.prvMediumPriorityMutexTask  GenQTest.o
    0x00107c06   0x00107c06   0x00000002   PAD
    0x00107c08   0x00107c08   0x000000a8   Code   RO          434    .text.prvNotifyQueueSetContainer  queue.o
    0x00107cb0   0x00107cb0   0x0000007c   Code   RO          372    .text.prvProcessExpiredTimer  timers.o
    0x00107d2c   0x00107d2c   0x00000652   Code   RO          576    .text.prvQueueSetReceivingTask  QueueSet.o
    0x0010837e   0x0010837e   0x00000002   PAD
    0x00108380   0x00108380   0x00000112   Code   RO          574    .text.prvQueueSetSendingTask  QueueSet.o
    0x00108492   0x00108492   0x00000002   PAD
    0x00108494   0x00108494   0x000000b2   Code   RO          554    .text.prvSemaphoreTest  semtest.o
    0x00108546   0x00108546   0x00000002   PAD
    0x00108548   0x00108548   0x0000029a   Code   RO          500    .text.prvSendFrontAndBackTest  GenQTest.o
    0x001087e2   0x001087e2   0x00000002   PAD
    0x001087e4   0x001087e4   0x0000002c   Code   RO          630    .text.prvTaskExitError  port.o
    0x00108810   0x00108810   0x00000222   Code   RO          338    .text.prvTimerTask  timers.o
    0x00108a32   0x00108a32   0x00000002   PAD
    0x00108a34   0x00108a34   0x00000084   Code   RO          436    .text.prvUnlockQueue  queue.o
    0x00108ab8   0x00108ab8   0x0000010c   Code   RO          392    .text.pvPortMalloc  heap_2.o
    0x00108bc4   0x00108bc4   0x00000018   Code   RO          285    .text.pvTaskIncrementMutexHeldCount  tasks.o
    0x00108bdc   0x00108bdc   0x00000068   Code   RO          628    .text.pxPortInitialiseStack  port.o
    0x00108c44   0x00108c44   0x00000160   Code   RO         2276    .text.recv_tcp      api_msg.o
    0x00108da4   0x00108da4   0x00000134   Code   RO         2268    .text.recv_udp      api_msg.o
    0x00108ed8   0x00108ed8   0x00000076   Code   RO         2270    .text.sent_tcp      api_msg.o
    0x00108f4e   0x00108f4e   0x00000002   PAD
    0x00108f50   0x00108f50   0x0000002a   Code   RO         1317    .text.synopGMACClearBits  synopGMAC_plat.o
    0x00108f7a   0x00108f7a   0x00000002   PAD
    0x00108f7c   0x00108f7c   0x00000004   Code   RO         1311    .text.synopGMACReadReg  synopGMAC_plat.o
    0x00108f80   0x00108f80   0x0000002a   Code   RO         1315    .text.synopGMACSetBits  synopGMAC_plat.o
    0x00108faa   0x00108faa   0x00000002   PAD
    0x00108fac   0x00108fac   0x00000022   Code   RO         1313    .text.synopGMACWriteReg  synopGMAC_plat.o
    0x00108fce   0x00108fce   0x00000002   PAD
    0x00108fd0   0x00108fd0   0x00000006   Code   RO         1164    .text.synopGMAC_ES_is_IP_header_error  synopGMAC_Dev.o
    0x00108fd6   0x00108fd6   0x00000002   PAD
    0x00108fd8   0x00108fd8   0x00000006   Code   RO         1168    .text.synopGMAC_ES_is_IP_payload_error  synopGMAC_Dev.o
    0x00108fde   0x00108fde   0x00000002   PAD
    0x00108fe0   0x00108fe0   0x00000006   Code   RO         1166    .text.synopGMAC_ES_is_rx_checksum_bypassed  synopGMAC_Dev.o
    0x00108fe6   0x00108fe6   0x00000002   PAD
    0x00108fe8   0x00108fe8   0x000000de   Code   RO         1028    .text.synopGMAC_attach  synopGMAC_Dev.o
    0x001090c6   0x001090c6   0x00000002   PAD
    0x001090c8   0x001090c8   0x0000001c   Code   RO         1092    .text.synopGMAC_clear_interrupt  synopGMAC_Dev.o
    0x001090e4   0x001090e4   0x00000020   Code   RO         1128    .text.synopGMAC_disable_dma_rx  synopGMAC_Dev.o
    0x00109104   0x00109104   0x00000020   Code   RO         1126    .text.synopGMAC_disable_dma_tx  synopGMAC_Dev.o
    0x00109124   0x00109124   0x0000000a   Code   RO         1100    .text.synopGMAC_disable_interrupt_all  synopGMAC_Dev.o
    0x0010912e   0x0010912e   0x00000002   PAD
    0x00109130   0x00109130   0x00000010   Code   RO          902    .text.synopGMAC_dma_bus_mode_init  synopGMAC_Dev.o
    0x00109140   0x00109140   0x00000010   Code   RO          904    .text.synopGMAC_dma_control_init  synopGMAC_Dev.o
    0x00109150   0x00109150   0x00000020   Code   RO         1104    .text.synopGMAC_enable_dma_rx  synopGMAC_Dev.o
    0x00109170   0x00109170   0x00000020   Code   RO         1106    .text.synopGMAC_enable_dma_tx  synopGMAC_Dev.o
    0x00109190   0x00109190   0x0000000a   Code   RO         1096    .text.synopGMAC_enable_interrupt  synopGMAC_Dev.o
    0x0010919a   0x0010919a   0x00000002   PAD
    0x0010919c   0x0010919c   0x0000003a   Code   RO         1094    .text.synopGMAC_get_interrupt_type  synopGMAC_Dev.o
    0x001091d6   0x001091d6   0x00000002   PAD
    0x001091d8   0x001091d8   0x00000010   Code   RO          888    .text.synopGMAC_get_mdc_clk_div  synopGMAC_Dev.o
    0x001091e8   0x001091e8   0x00000006   Code   RO         1042    .text.synopGMAC_get_rx_desc_frame_length  synopGMAC_Dev.o
    0x001091ee   0x001091ee   0x00000002   PAD
    0x001091f0   0x001091f0   0x00000096   Code   RO         1090    .text.synopGMAC_get_rx_qptr  synopGMAC_Dev.o
    0x00109286   0x00109286   0x00000002   PAD
    0x00109288   0x00109288   0x00000006   Code   RO         1054    .text.synopGMAC_get_tx_collision_count  synopGMAC_Dev.o
    0x0010928e   0x0010928e   0x00000002   PAD
    0x00109290   0x00109290   0x00000096   Code   RO         1072    .text.synopGMAC_get_tx_qptr  synopGMAC_Dev.o
    0x00109326   0x00109326   0x00000002   PAD
    0x00109328   0x00109328   0x0000000c   Code   RO         1036    .text.synopGMAC_init_rx_desc_base  synopGMAC_Dev.o
    0x00109334   0x00109334   0x0000000c   Code   RO         1038    .text.synopGMAC_init_tx_desc_base  synopGMAC_Dev.o
    0x00109340   0x00109340   0x00000066   Code   RO         1034    .text.synopGMAC_init_tx_rx_desc_queue  synopGMAC_Dev.o
    0x001093a6   0x001093a6   0x00000002   PAD
    0x001093a8   0x001093a8   0x00000006   Code   RO         1040    .text.synopGMAC_is_desc_owned_by_dma  synopGMAC_Dev.o
    0x001093ae   0x001093ae   0x00000002   PAD
    0x001093b0   0x001093b0   0x0000000a   Code   RO         1044    .text.synopGMAC_is_desc_valid  synopGMAC_Dev.o
    0x001093ba   0x001093ba   0x00000002   PAD
    0x001093bc   0x001093bc   0x00000006   Code   RO         1162    .text.synopGMAC_is_ext_status  synopGMAC_Dev.o
    0x001093c2   0x001093c2   0x00000002   PAD
    0x001093c4   0x001093c4   0x00000006   Code   RO         1064    .text.synopGMAC_is_frame_dribbling_errors  synopGMAC_Dev.o
    0x001093ca   0x001093ca   0x00000002   PAD
    0x001093cc   0x001093cc   0x00000010   Code   RO         1150    .text.synopGMAC_is_magic_packet_received  synopGMAC_Dev.o
    0x001093dc   0x001093dc   0x00000040   Code   RO         1170    .text.synopGMAC_is_rx_checksum_error  synopGMAC_Dev.o
    0x0010941c   0x0010941c   0x00000006   Code   RO         1062    .text.synopGMAC_is_rx_crc  synopGMAC_Dev.o
    0x00109422   0x00109422   0x00000002   PAD
    0x00109424   0x00109424   0x0000000e   Code   RO         1048    .text.synopGMAC_is_rx_desc_valid  synopGMAC_Dev.o
    0x00109432   0x00109432   0x00000002   PAD
    0x00109434   0x00109434   0x00000006   Code   RO         1060    .text.synopGMAC_is_rx_frame_collision  synopGMAC_Dev.o
    0x0010943a   0x0010943a   0x00000002   PAD
    0x0010943c   0x0010943c   0x00000006   Code   RO         1066    .text.synopGMAC_is_rx_frame_length_errors  synopGMAC_Dev.o
    0x00109442   0x00109442   0x00000002   PAD
    0x00109444   0x00109444   0x0000000c   Code   RO         1050    .text.synopGMAC_is_tx_aborted  synopGMAC_Dev.o
    0x00109450   0x00109450   0x0000000c   Code   RO         1052    .text.synopGMAC_is_tx_carrier_error  synopGMAC_Dev.o
    0x0010945c   0x0010945c   0x00000006   Code   RO         1172    .text.synopGMAC_is_tx_ipv4header_checksum_error  synopGMAC_Dev.o
    0x00109462   0x00109462   0x00000002   PAD
    0x00109464   0x00109464   0x00000006   Code   RO         1174    .text.synopGMAC_is_tx_payload_checksum_error  synopGMAC_Dev.o
    0x0010946a   0x0010946a   0x00000002   PAD
    0x0010946c   0x0010946c   0x00000010   Code   RO         1152    .text.synopGMAC_is_wakeup_frame_received  synopGMAC_Dev.o
    0x0010947c   0x0010947c   0x00000260   Code   RO         1022    .text.synopGMAC_mac_init  synopGMAC_Dev.o
    0x001096dc   0x001096dc   0x0000003a   Code   RO         1020    .text.synopGMAC_pause_control  synopGMAC_Dev.o
    0x00109716   0x00109716   0x00000002   PAD
    0x00109718   0x00109718   0x0000000a   Code   RO         1132    .text.synopGMAC_pmt_int_disable  synopGMAC_Dev.o
    0x00109722   0x00109722   0x00000002   PAD
    0x00109724   0x00109724   0x00000038   Code   RO         1276    .text.synopGMAC_powerup_mac  synopGMAC_network_interface.o
    0x0010975c   0x0010975c   0x0000000a   Code   RO          996    .text.synopGMAC_promisc_enable  synopGMAC_Dev.o
    0x00109766   0x00109766   0x00000002   PAD
    0x00109768   0x00109768   0x00000062   Code   RO          890    .text.synopGMAC_read_phy_reg  synopGMAC_Dev.o
    0x001097ca   0x001097ca   0x00000002   PAD
    0x001097cc   0x001097cc   0x00000014   Code   RO          896    .text.synopGMAC_read_version  synopGMAC_Dev.o
    0x001097e0   0x001097e0   0x00000028   Code   RO          898    .text.synopGMAC_reset  synopGMAC_Dev.o
    0x00109808   0x00109808   0x0000000a   Code   RO         1118    .text.synopGMAC_resume_dma_rx  synopGMAC_Dev.o
    0x00109812   0x00109812   0x00000002   PAD
    0x00109814   0x00109814   0x0000000a   Code   RO         1116    .text.synopGMAC_resume_dma_tx  synopGMAC_Dev.o
    0x0010981e   0x0010981e   0x00000002   PAD
    0x00109820   0x00109820   0x00000014   Code   RO         1030    .text.synopGMAC_rx_desc_init_ring  synopGMAC_Dev.o
    0x00109834   0x00109834   0x0000000a   Code   RO          956    .text.synopGMAC_rx_disable  synopGMAC_Dev.o
    0x0010983e   0x0010983e   0x00000002   PAD
    0x00109840   0x00109840   0x0000000a   Code   RO          954    .text.synopGMAC_rx_enable  synopGMAC_Dev.o
    0x0010984a   0x0010984a   0x00000002   PAD
    0x0010984c   0x0010984c   0x0000001e   Code   RO         1024    .text.synopGMAC_set_mac_addr  synopGMAC_Dev.o
    0x0010986a   0x0010986a   0x00000002   PAD
    0x0010986c   0x0010986c   0x00000022   Code   RO          886    .text.synopGMAC_set_mdc_clk_div  synopGMAC_Dev.o
    0x0010988e   0x0010988e   0x00000002   PAD
    0x00109890   0x00109890   0x00000068   Code   RO         1296    .text.synopGMAC_set_mode  synopGMAC_network_interface.o
    0x001098f8   0x001098f8   0x00000058   Code   RO         1088    .text.synopGMAC_set_rx_qptr  synopGMAC_Dev.o
    0x00109950   0x00109950   0x0000007c   Code   RO         1078    .text.synopGMAC_set_tx_qptr  synopGMAC_Dev.o
    0x001099cc   0x001099cc   0x0000003a   Code   RO         1282    .text.synopGMAC_setup_rx_desc_queue  synopGMAC_network_interface.o
    0x00109a06   0x00109a06   0x00000002   PAD
    0x00109a08   0x00109a08   0x0000003a   Code   RO         1280    .text.synopGMAC_setup_tx_desc_queue  synopGMAC_network_interface.o
    0x00109a42   0x00109a42   0x00000002   PAD
    0x00109a44   0x00109a44   0x00000020   Code   RO         1122    .text.synopGMAC_take_desc_ownership_rx  synopGMAC_Dev.o
    0x00109a64   0x00109a64   0x00000020   Code   RO         1124    .text.synopGMAC_take_desc_ownership_tx  synopGMAC_Dev.o
    0x00109a84   0x00109a84   0x00000014   Code   RO         1032    .text.synopGMAC_tx_desc_init_ring  synopGMAC_Dev.o
    0x00109a98   0x00109a98   0x0000000a   Code   RO          960    .text.synopGMAC_tx_disable  synopGMAC_Dev.o
    0x00109aa2   0x00109aa2   0x00000002   PAD
    0x00109aa4   0x00109aa4   0x0000000a   Code   RO          958    .text.synopGMAC_tx_enable  synopGMAC_Dev.o
    0x00109aae   0x00109aae   0x00000002   PAD
    0x00109ab0   0x00109ab0   0x0000005a   Code   RO          892    .text.synopGMAC_write_phy_reg  synopGMAC_Dev.o
    0x00109b0a   0x00109b0a   0x00000002   PAD
    0x00109b0c   0x00109b0c   0x00000080   Code   RO         1290    .text.synopGMAC_xmit_frames  synopGMAC_network_interface.o
    0x00109b8c   0x00109b8c   0x00000150   Code   RO         1294    .text.synop_handle_received_data  synopGMAC_network_interface.o
    0x00109cdc   0x00109cdc   0x000000e8   Code   RO         1292    .text.synop_handle_transmit_over  synopGMAC_network_interface.o
    0x00109dc4   0x00109dc4   0x0000005e   Code   RO         1367    .text.sys_arch_mbox_fetch  sys_arch.o
    0x00109e22   0x00109e22   0x00000002   PAD
    0x00109e24   0x00109e24   0x0000001e   Code   RO         1369    .text.sys_arch_mbox_tryfetch  sys_arch.o
    0x00109e42   0x00109e42   0x00000002   PAD
    0x00109e44   0x00109e44   0x0000000a   Code   RO         1393    .text.sys_arch_protect  sys_arch.o
    0x00109e4e   0x00109e4e   0x00000002   PAD
    0x00109e50   0x00109e50   0x00000046   Code   RO         1373    .text.sys_arch_sem_wait  sys_arch.o
    0x00109e96   0x00109e96   0x00000002   PAD
    0x00109e98   0x00109e98   0x00000004   Code   RO         1395    .text.sys_arch_unprotect  sys_arch.o
    0x00109e9c   0x00109e9c   0x00000050   Code   RO         1966    .text.sys_check_timeouts  timeouts.o
    0x00109eec   0x00109eec   0x00000002   Code   RO         1387    .text.sys_init      sys_arch.o
    0x00109eee   0x00109eee   0x00000002   PAD
    0x00109ef0   0x00109ef0   0x0000001c   Code   RO         1359    .text.sys_mbox_free  sys_arch.o
    0x00109f0c   0x00109f0c   0x0000001a   Code   RO         1357    .text.sys_mbox_new  sys_arch.o
    0x00109f26   0x00109f26   0x00000002   PAD
    0x00109f28   0x00109f28   0x0000001e   Code   RO         1363    .text.sys_mbox_trypost  sys_arch.o
    0x00109f46   0x00109f46   0x00000002   PAD
    0x00109f48   0x00109f48   0x00000014   Code   RO         1377    .text.sys_mutex_lock  sys_arch.o
    0x00109f5c   0x00109f5c   0x00000016   Code   RO         1375    .text.sys_mutex_new  sys_arch.o
    0x00109f72   0x00109f72   0x00000002   PAD
    0x00109f74   0x00109f74   0x0000000c   Code   RO         1379    .text.sys_mutex_unlock  sys_arch.o
    0x00109f80   0x00109f80   0x00000004   Code   RO         1389    .text.sys_now       sys_arch.o
    0x00109f84   0x00109f84   0x00000006   Code   RO         1385    .text.sys_sem_free  sys_arch.o
    0x00109f8a   0x00109f8a   0x00000002   PAD
    0x00109f8c   0x00109f8c   0x00000038   Code   RO         1371    .text.sys_sem_new   sys_arch.o
    0x00109fc4   0x00109fc4   0x0000000c   Code   RO         1383    .text.sys_sem_signal  sys_arch.o
    0x00109fd0   0x00109fd0   0x0000002a   Code   RO         1391    .text.sys_thread_new  sys_arch.o
    0x00109ffa   0x00109ffa   0x00000002   PAD
    0x00109ffc   0x00109ffc   0x000000cc   Code   RO         1956    .text.sys_timeout   timeouts.o
    0x0010a0c8   0x0010a0c8   0x0000002e   Code   RO         1960    .text.sys_timeouts_init  timeouts.o
    0x0010a0f6   0x0010a0f6   0x00000002   PAD
    0x0010a0f8   0x0010a0f8   0x00000026   Code   RO         1970    .text.sys_timeouts_sleeptime  timeouts.o
    0x0010a11e   0x0010a11e   0x00000002   PAD
    0x0010a120   0x0010a120   0x00000214   Code   RO         1764    .text.tcp_abandon   tcp.o
    0x0010a334   0x0010a334   0x00000006   Code   RO         1770    .text.tcp_abort     tcp.o
    0x0010a33a   0x0010a33a   0x00000002   PAD
    0x0010a33c   0x0010a33c   0x00000010   Code   RO         1826    .text.tcp_accept    tcp.o
    0x0010a34c   0x0010a34c   0x00000050   Code   RO         1780    .text.tcp_accept_null  tcp.o
    0x0010a39c   0x0010a39c   0x00000186   Code   RO         1810    .text.tcp_alloc     tcp.o
    0x0010a522   0x0010a522   0x00000002   PAD
    0x0010a524   0x0010a524   0x00000008   Code   RO         1818    .text.tcp_arg       tcp.o
    0x0010a52c   0x0010a52c   0x00000198   Code   RO         1772    .text.tcp_bind      tcp.o
    0x0010a6c4   0x0010a6c4   0x00000050   Code   RO         1758    .text.tcp_close     tcp.o
    0x0010a714   0x0010a714   0x000001e4   Code   RO         1760    .text.tcp_close_shutdown  tcp.o
    0x0010a8f8   0x0010a8f8   0x0000004e   Code   RO         1796    .text.tcp_close_shutdown_fin  tcp.o
    0x0010a946   0x0010a946   0x00000002   PAD
    0x0010a948   0x0010a948   0x00000148   Code   RO         1910    .text.tcp_create_segment  tcp_out.o
    0x0010aa90   0x0010aa90   0x00000070   Code   RO         1790    .text.tcp_eff_send_mss_netif  tcp.o
    0x0010ab00   0x0010ab00   0x000001ec   Code   RO         1916    .text.tcp_enqueue_flags  tcp_out.o
    0x0010acec   0x0010acec   0x00000068   Code   RO         1824    .text.tcp_err       tcp.o
    0x0010ad54   0x0010ad54   0x00000096   Code   RO         1754    .text.tcp_fasttmr   tcp.o
    0x0010adea   0x0010adea   0x00000002   PAD
    0x0010adec   0x0010adec   0x00000034   Code   RO         1750    .text.tcp_free      tcp.o
    0x0010ae20   0x0010ae20   0x00000118   Code   RO         1877    .text.tcp_free_acked_segments  tcp_in.o
    0x0010af38   0x0010af38   0x0000002e   Code   RO         1792    .text.tcp_free_ooseq  tcp.o
    0x0010af66   0x0010af66   0x00000002   PAD
    0x0010af68   0x0010af68   0x00000016   Code   RO         1748    .text.tcp_init      tcp.o
    0x0010af7e   0x0010af7e   0x00000002   PAD
    0x0010af80   0x0010af80   0x000006a8   Code   RO         1861    .text.tcp_input     tcp_in.o
    0x0010b628   0x0010b628   0x00000042   Code   RO         1869    .text.tcp_input_delayed_close  tcp_in.o
    0x0010b66a   0x0010b66a   0x00000002   PAD
    0x0010b66c   0x0010b66c   0x000000a8   Code   RO         1938    .text.tcp_keepalive  tcp_out.o
    0x0010b714   0x0010b714   0x00000068   Code   RO         1812    .text.tcp_kill_prio  tcp.o
    0x0010b77c   0x0010b77c   0x00000160   Code   RO         1865    .text.tcp_listen_input  tcp_in.o
    0x0010b8dc   0x0010b8dc   0x0000018c   Code   RO         1778    .text.tcp_listen_with_backlog_and_err  tcp.o
    0x0010ba68   0x0010ba68   0x00000086   Code   RO         1830    .text.tcp_netif_ip_addr_changed  tcp.o
    0x0010baee   0x0010baee   0x00000002   PAD
    0x0010baf0   0x0010baf0   0x00000006   Code   RO         1816    .text.tcp_new_ip_type  tcp.o
    0x0010baf6   0x0010baf6   0x00000002   PAD
    0x0010baf8   0x0010baf8   0x00000058   Code   RO         1788    .text.tcp_next_iss  tcp.o
    0x0010bb50   0x0010bb50   0x0000007c   Code   RO         1879    .text.tcp_oos_insert_segment  tcp_in.o
    0x0010bbcc   0x0010bbcc   0x00000434   Code   RO         1918    .text.tcp_output    tcp_out.o
    0x0010c000   0x0010c000   0x000000b4   Code   RO         1934    .text.tcp_output_alloc_header_common  tcp_out.o
    0x0010c0b4   0x0010c0b4   0x0000006c   Code   RO         1936    .text.tcp_output_control_segment  tcp_out.o
    0x0010c120   0x0010c120   0x00000124   Code   RO         1873    .text.tcp_parseopt  tcp_in.o
    0x0010c244   0x0010c244   0x000000cc   Code   RO         1908    .text.tcp_pbuf_prealloc  tcp_out.o
    0x0010c310   0x0010c310   0x000000dc   Code   RO         1794    .text.tcp_pcb_purge  tcp.o
    0x0010c3ec   0x0010c3ec   0x0000017c   Code   RO         1766    .text.tcp_pcb_remove  tcp.o
    0x0010c568   0x0010c568   0x00000094   Code   RO         1828    .text.tcp_poll      tcp.o
    0x0010c5fc   0x0010c5fc   0x00000584   Code   RO         1867    .text.tcp_process   tcp_in.o
    0x0010cb80   0x0010cb80   0x000000e0   Code   RO         1798    .text.tcp_process_refused_data  tcp.o
    0x0010cc60   0x0010cc60   0x000008f4   Code   RO         1875    .text.tcp_receive   tcp_in.o
    0x0010d554   0x0010d554   0x00000068   Code   RO         1820    .text.tcp_recv      tcp.o
    0x0010d5bc   0x0010d5bc   0x00000078   Code   RO         1802    .text.tcp_recv_null  tcp.o
    0x0010d634   0x0010d634   0x00000114   Code   RO         1784    .text.tcp_recved    tcp.o
    0x0010d748   0x0010d748   0x000000ac   Code   RO         1928    .text.tcp_rexmit    tcp_out.o
    0x0010d7f4   0x0010d7f4   0x00000098   Code   RO         1930    .text.tcp_rexmit_fast  tcp_out.o
    0x0010d88c   0x0010d88c   0x00000084   Code   RO         1926    .text.tcp_rexmit_rto  tcp_out.o
    0x0010d910   0x0010d910   0x00000042   Code   RO         1924    .text.tcp_rexmit_rto_commit  tcp_out.o
    0x0010d952   0x0010d952   0x00000002   PAD
    0x0010d954   0x0010d954   0x000000a4   Code   RO         1922    .text.tcp_rexmit_rto_prepare  tcp_out.o
    0x0010d9f8   0x0010d9f8   0x000000c8   Code   RO         1932    .text.tcp_rst       tcp_out.o
    0x0010dac0   0x0010dac0   0x00000068   Code   RO         1808    .text.tcp_seg_copy  tcp.o
    0x0010db28   0x0010db28   0x00000020   Code   RO         1804    .text.tcp_seg_free  tcp.o
    0x0010db48   0x0010db48   0x0000002e   Code   RO         1768    .text.tcp_segs_free  tcp.o
    0x0010db76   0x0010db76   0x00000002   PAD
    0x0010db78   0x0010db78   0x000000bc   Code   RO         1920    .text.tcp_send_empty_ack  tcp_out.o
    0x0010dc34   0x0010dc34   0x00000080   Code   RO         1914    .text.tcp_send_fin  tcp_out.o
    0x0010dcb4   0x0010dcb4   0x00000068   Code   RO         1822    .text.tcp_sent      tcp.o
    0x0010dd1c   0x0010dd1c   0x000000a4   Code   RO         1762    .text.tcp_shutdown  tcp.o
    0x0010ddc0   0x0010ddc0   0x00000650   Code   RO         1756    .text.tcp_slowtmr   tcp.o
    0x0010e410   0x0010e410   0x0000021c   Code   RO         1912    .text.tcp_split_unsent_seg  tcp_out.o
    0x0010e62c   0x0010e62c   0x0000009c   Code   RO         1954    .text.tcp_timer_needed  timeouts.o
    0x0010e6c8   0x0010e6c8   0x000000a4   Code   RO         1863    .text.tcp_timewait_input  tcp_in.o
    0x0010e76c   0x0010e76c   0x00000022   Code   RO         1752    .text.tcp_tmr       tcp.o
    0x0010e78e   0x0010e78e   0x00000002   PAD
    0x0010e790   0x0010e790   0x00000012   Code   RO         1871    .text.tcp_trigger_input_pcb_close  tcp_in.o
    0x0010e7a2   0x0010e7a2   0x00000002   PAD
    0x0010e7a4   0x0010e7a4   0x000000a0   Code   RO         1782    .text.tcp_update_rcv_ann_wnd  tcp.o
    0x0010e844   0x0010e844   0x0000077c   Code   RO         1906    .text.tcp_write     tcp_out.o
    0x0010efc0   0x0010efc0   0x0000012c   Code   RO         1940    .text.tcp_zero_window_probe  tcp_out.o
    0x0010f0ec   0x0010f0ec   0x000000e8   Code   RO         2446    .text.tcpip_init    tcpip.o
    0x0010f1d4   0x0010f1d4   0x000000b2   Code   RO         2428    .text.tcpip_input   tcpip.o
    0x0010f286   0x0010f286   0x00000002   PAD
    0x0010f288   0x0010f288   0x00000022   Code   RO         2434    .text.tcpip_send_msg_wait_sem  tcpip.o
    0x0010f2aa   0x0010f2aa   0x00000002   PAD
    0x0010f2ac   0x0010f2ac   0x000000a2   Code   RO         1958    .text.tcpip_tcp_timer  timeouts.o
    0x0010f34e   0x0010f34e   0x00000002   PAD
    0x0010f350   0x0010f350   0x000000ea   Code   RO         2448    .text.tcpip_thread  tcpip.o
    0x0010f43a   0x0010f43a   0x00000002   PAD
    0x0010f43c   0x0010f43c   0x00000068   Code   RO         2432    .text.tcpip_try_callback  tcpip.o
    0x0010f4a4   0x0010f4a4   0x00000124   Code   RO         2001    .text.udp_bind      udp.o
    0x0010f5c8   0x0010f5c8   0x00000016   Code   RO         1989    .text.udp_init      udp.o
    0x0010f5de   0x0010f5de   0x00000002   PAD
    0x0010f5e0   0x0010f5e0   0x000002b0   Code   RO         1991    .text.udp_input     udp.o
    0x0010f890   0x0010f890   0x0000003e   Code   RO         2017    .text.udp_netif_ip_addr_changed  udp.o
    0x0010f8ce   0x0010f8ce   0x00000002   PAD
    0x0010f8d0   0x0010f8d0   0x00000026   Code   RO         2015    .text.udp_new_ip_type  udp.o
    0x0010f8f6   0x0010f8f6   0x00000002   PAD
    0x0010f8f8   0x0010f8f8   0x0000003c   Code   RO         2009    .text.udp_recv      udp.o
    0x0010f934   0x0010f934   0x00000060   Code   RO         2011    .text.udp_remove    udp.o
    0x0010f994   0x0010f994   0x00000016   Code   RO          663    .text.ulSetInterruptMask  portasm.o
    0x0010f9aa   0x0010f9aa   0x00000002   PAD
    0x0010f9ac   0x0010f9ac   0x00000024   Code   RO          182    .text.uxListRemove  list.o
    0x0010f9d0   0x0010f9d0   0x0000001a   Code   RO          450    .text.uxQueueMessagesWaiting  queue.o
    0x0010f9ea   0x0010f9ea   0x00000002   PAD
    0x0010f9ec   0x0010f9ec   0x0000000c   Code   RO          235    .text.uxTaskGetNumberOfTasks  tasks.o
    0x0010f9f8   0x0010f9f8   0x0000001e   Code   RO          211    .text.uxTaskPriorityGet  tasks.o
    0x0010fa16   0x0010fa16   0x00000002   PAD
    0x0010fa18   0x0010fa18   0x00000006   Code   RO           58    .text.vApplicationMallocFailedHook  main.o
    0x0010fa1e   0x0010fa1e   0x00000002   PAD
    0x0010fa20   0x0010fa20   0x00000006   Code   RO           62    .text.vApplicationStackOverflowHook  main.o
    0x0010fa26   0x0010fa26   0x00000002   PAD
    0x0010fa28   0x0010fa28   0x00000004   Code   RO           64    .text.vApplicationTickHook  main.o
    0x0010fa2c   0x0010fa2c   0x0000000e   Code   RO          665    .text.vClearInterruptMask  portasm.o
    0x0010fa3a   0x0010fa3a   0x00000002   PAD
    0x0010fa3c   0x0010fa3c   0x00000016   Code   RO          174    .text.vListInitialise  list.o
    0x0010fa52   0x0010fa52   0x00000002   PAD
    0x0010fa54   0x0010fa54   0x00000006   Code   RO          176    .text.vListInitialiseItem  list.o
    0x0010fa5a   0x0010fa5a   0x00000002   PAD
    0x0010fa5c   0x0010fa5c   0x0000003a   Code   RO          180    .text.vListInsert   list.o
    0x0010fa96   0x0010fa96   0x00000002   PAD
    0x0010fa98   0x0010fa98   0x0000001c   Code   RO          178    .text.vListInsertEnd  list.o
    0x0010fab4   0x0010fab4   0x00000064   Code   RO          532    .text.vPolledQueueConsumer  PollQ.o
    0x0010fb18   0x0010fb18   0x0000005a   Code   RO          534    .text.vPolledQueueProducer  PollQ.o
    0x0010fb72   0x0010fb72   0x00000002   PAD
    0x0010fb74   0x0010fb74   0x0000001e   Code   RO          620    .text.vPortEnterCritical  port.o
    0x0010fb92   0x0010fb92   0x00000002   PAD
    0x0010fb94   0x0010fb94   0x0000002e   Code   RO          622    .text.vPortExitCritical  port.o
    0x0010fbc2   0x0010fbc2   0x00000002   PAD
    0x0010fbc4   0x0010fbc4   0x00000064   Code   RO          394    .text.vPortFree     heap_2.o
    0x0010fc28   0x0010fc28   0x00000036   Code   RO          626    .text.vPortSVCHandler_C  port.o
    0x0010fc5e   0x0010fc5e   0x00000002   PAD
    0x0010fc60   0x0010fc60   0x0000003e   Code   RO          616    .text.vPortSetupTimerInterrupt  port.o
    0x0010fc9e   0x0010fc9e   0x00000002   PAD
    0x0010fca0   0x0010fca0   0x00000152   Code   RO          614    .text.vPortSuppressTicksAndSleep  port.o
    0x0010fdf2   0x0010fdf2   0x00000002   PAD
    0x0010fdf4   0x0010fdf4   0x00000018   Code   RO          618    .text.vPortYield    port.o
    0x0010fe0c   0x0010fe0c   0x00000056   Code   RO          470    .text.vQueueAddToRegistry  queue.o
    0x0010fe62   0x0010fe62   0x00000002   PAD
    0x0010fe64   0x0010fe64   0x0000003e   Code   RO          456    .text.vQueueDelete  queue.o
    0x0010fea2   0x0010fea2   0x00000002   PAD
    0x0010fea4   0x0010fea4   0x000000ae   Code   RO          580    .text.vQueueSetAccessQueueSetFromISR  QueueSet.o
    0x0010ff52   0x0010ff52   0x00000002   PAD
    0x0010ff54   0x0010ff54   0x00000046   Code   RO          474    .text.vQueueWaitForMessageRestricted  queue.o
    0x0010ff9a   0x0010ff9a   0x00000006   PAD
    0x0010ffa0   0x0010ffa0   0x00000034   Code   RO          653    .text.vRestoreContextOfFirstTask  portasm.o
    0x0010ffd4   0x0010ffd4   0x0000000c   PAD
    0x0010ffe0   0x0010ffe0   0x00000024   Code   RO          661    .text.vStartFirstTask  portasm.o
    0x00110004   0x00110004   0x000000e0   Code   RO          498    .text.vStartGenericQueueTasks  GenQTest.o
    0x001100e4   0x001100e4   0x0000007c   Code   RO          530    .text.vStartPolledQueueTasks  PollQ.o
    0x00110160   0x00110160   0x00000068   Code   RO          572    .text.vStartQueueSetTasks  QueueSet.o
    0x001101c8   0x001101c8   0x00000118   Code   RO          552    .text.vStartSemaphoreTasks  semtest.o
    0x001102e0   0x001102e0   0x0000008e   Code   RO          207    .text.vTaskDelay    tasks.o
    0x0011036e   0x0011036e   0x00000002   PAD
    0x00110370   0x00110370   0x0000001a   Code   RO          257    .text.vTaskInternalSetTimeOutState  tasks.o
    0x0011038a   0x0011038a   0x00000002   PAD
    0x0011038c   0x0011038c   0x0000000e   Code   RO          261    .text.vTaskMissedYield  tasks.o
    0x0011039a   0x0011039a   0x00000002   PAD
    0x0011039c   0x0011039c   0x0000002a   Code   RO          245    .text.vTaskPlaceOnEventList  tasks.o
    0x001103c6   0x001103c6   0x00000002   PAD
    0x001103c8   0x001103c8   0x00000066   Code   RO          249    .text.vTaskPlaceOnEventListRestricted  tasks.o
    0x0011042e   0x0011042e   0x00000002   PAD
    0x00110430   0x00110430   0x000000a0   Code   RO          279    .text.vTaskPriorityDisinheritAfterTimeout  tasks.o
    0x001104d0   0x001104d0   0x000000ca   Code   RO          215    .text.vTaskPrioritySet  tasks.o
    0x0011059a   0x0011059a   0x00000002   PAD
    0x0011059c   0x0011059c   0x00000092   Code   RO          221    .text.vTaskResume   tasks.o
    0x0011062e   0x0011062e   0x00000002   PAD
    0x00110630   0x00110630   0x00000084   Code   RO          223    .text.vTaskStartScheduler  tasks.o
    0x001106b4   0x001106b4   0x0000006a   Code   RO          241    .text.vTaskStepTick  tasks.o
    0x0011071e   0x0011071e   0x00000002   PAD
    0x00110720   0x00110720   0x000000d6   Code   RO          217    .text.vTaskSuspend  tasks.o
    0x001107f6   0x001107f6   0x00000002   PAD
    0x001107f8   0x001107f8   0x00000010   Code   RO          201    .text.vTaskSuspendAll  tasks.o
    0x00110808   0x00110808   0x000000b6   Code   RO          219    .text.vTaskSwitchContext  tasks.o
    0x001108be   0x001108be   0x00000002   PAD
    0x001108c0   0x001108c0   0x00000114   Code   RO           56    .text.vWebTask      main.o
    0x001109d4   0x001109d4   0x00000052   Code   RO          632    .text.xPortStartScheduler  port.o
    0x00110a26   0x00110a26   0x00000002   PAD
    0x00110a28   0x00110a28   0x00000026   Code   RO          478    .text.xQueueAddToSet  queue.o
    0x00110a4e   0x00110a4e   0x00000002   PAD
    0x00110a50   0x00110a50   0x00000076   Code   RO          422    .text.xQueueCreateMutex  queue.o
    0x00110ac6   0x00110ac6   0x00000002   PAD
    0x00110ac8   0x00110ac8   0x00000008   Code   RO          476    .text.xQueueCreateSet  queue.o
    0x00110ad0   0x00110ad0   0x0000008a   Code   RO          420    .text.xQueueGenericCreate  queue.o
    0x00110b5a   0x00110b5a   0x00000002   PAD
    0x00110b5c   0x00110b5c   0x000001ba   Code   RO          426    .text.xQueueGenericSend  queue.o
    0x00110d16   0x00110d16   0x00000002   PAD
    0x00110d18   0x00110d18   0x0000012a   Code   RO          438    .text.xQueueGenericSendFromISR  queue.o
    0x00110e42   0x00110e42   0x00000002   PAD
    0x00110e44   0x00110e44   0x000000b4   Code   RO          440    .text.xQueueGiveFromISR  queue.o
    0x00110ef8   0x00110ef8   0x00000154   Code   RO          444    .text.xQueuePeek    queue.o
    0x0011104c   0x0011104c   0x00000160   Code   RO          442    .text.xQueueReceive  queue.o
    0x001111ac   0x001111ac   0x000000a8   Code   RO          446    .text.xQueueReceiveFromISR  queue.o
    0x00111254   0x00111254   0x00000032   Code   RO          480    .text.xQueueRemoveFromSet  queue.o
    0x00111286   0x00111286   0x00000002   PAD
    0x00111288   0x00111288   0x00000016   Code   RO          482    .text.xQueueSelectFromSet  queue.o
    0x0011129e   0x0011129e   0x00000002   PAD
    0x001112a0   0x001112a0   0x00000016   Code   RO          484    .text.xQueueSelectFromSetFromISR  queue.o
    0x001112b6   0x001112b6   0x00000002   PAD
    0x001112b8   0x001112b8   0x00000172   Code   RO          430    .text.xQueueSemaphoreTake  queue.o
    0x0011142a   0x0011142a   0x00000002   PAD
    0x0011142c   0x0011142c   0x00000074   Code   RO          259    .text.xTaskCheckForTimeOut  tasks.o
    0x001114a0   0x001114a0   0x000001e8   Code   RO          195    .text.xTaskCreate   tasks.o
    0x00111688   0x00111688   0x00000026   Code   RO          273    .text.xTaskGetSchedulerState  tasks.o
    0x001116ae   0x001116ae   0x00000002   PAD
    0x001116b0   0x001116b0   0x0000000c   Code   RO          231    .text.xTaskGetTickCount  tasks.o
    0x001116bc   0x001116bc   0x000001ae   Code   RO          229    .text.xTaskIncrementTick  tasks.o
    0x0011186a   0x0011186a   0x00000002   PAD
    0x0011186c   0x0011186c   0x00000092   Code   RO          277    .text.xTaskPriorityDisinherit  tasks.o
    0x001118fe   0x001118fe   0x00000002   PAD
    0x00111900   0x00111900   0x000000a6   Code   RO          275    .text.xTaskPriorityInherit  tasks.o
    0x001119a6   0x001119a6   0x00000002   PAD
    0x001119a8   0x001119a8   0x0000011c   Code   RO          251    .text.xTaskRemoveFromEventList  tasks.o
    0x00111ac4   0x00111ac4   0x00000166   Code   RO          205    .text.xTaskResumeAll  tasks.o
    0x00111c2a   0x00111c2a   0x00000002   PAD
    0x00111c2c   0x00111c2c   0x00000054   Code   RO          334    .text.xTimerCreateTimerTask  timers.o
    0x00111c80   0x00111c80   0x00000020   Code   RO         2760    i.__0printf$8       mc_w.l(printf8.o)
    0x00111ca0   0x00111ca0   0x0000000e   Code   RO         2889    i.__scatterload_copy  mc_w.l(handlers.o)
    0x00111cae   0x00111cae   0x00000002   Code   RO         2890    i.__scatterload_null  mc_w.l(handlers.o)
    0x00111cb0   0x00111cb0   0x0000000e   Code   RO         2891    i.__scatterload_zeroinit  mc_w.l(handlers.o)
    0x00111cbe   0x00111cbe   0x00000002   PAD
    0x00111cc0   0x00111cc0   0x00000410   Code   RO         2767    i._printf_core      mc_w.l(printf8.o)
    0x001120d0   0x001120d0   0x00000024   Code   RO         2768    i._printf_post_padding  mc_w.l(printf8.o)
    0x001120f4   0x001120f4   0x0000002e   Code   RO         2769    i._printf_pre_padding  mc_w.l(printf8.o)
    0x00112122   0x00112122   0x00000002   PAD
    0x00112124   0x00112124   0x00000024   Code   RO         2494    i.puts              mc_w.l(puts.o)
    0x00112148   0x00112148   0x00000014   Data   RO          874    .rodata..L__const.UART_SelectIrDAMode.u32ClkTbl  uart.o
    0x0011215c   0x0011215c   0x00000010   Data   RO          811    .rodata.cst16       clk.o
    0x0011216c   0x0011216c   0x00000004   Data   RO          810    .rodata.cst4        clk.o
    0x00112170   0x00112170   0x00000342   Data   RO           88    .rodata.data_404_html  fs.o
    0x001124b2   0x001124b2   0x00014c02   Data   RO           90    .rodata.data_img_m4_jpg  fs.o
    0x001270b4   0x001270b4   0x000009db   Data   RO           92    .rodata.data_index_html  fs.o
    0x00127a8f   0x00127a8f   0x00000006   Data   RO         2476    .rodata.ethbroadcast  ethernet.o
    0x00127a95   0x00127a95   0x00000006   Data   RO         2477    .rodata.ethzero     ethernet.o
    0x00127a9b   0x00127a9b   0x00000001   PAD
    0x00127a9c   0x00127a9c   0x00000014   Data   RO           89    .rodata.file_404_html  fs.o
    0x00127ab0   0x00127ab0   0x00000014   Data   RO           91    .rodata.file_img_m4_jpg  fs.o
    0x00127ac4   0x00127ac4   0x00000014   Data   RO           93    .rodata.file_index_html  fs.o
    0x00127ad8   0x00127ad8   0x00000004   Data   RO         2127    .rodata.ip_addr_any  ip4_addr.o
    0x00127adc   0x00127adc   0x00000018   Data   RO         1972    .rodata.lwip_cyclic_timers  timeouts.o
    0x00127af4   0x00127af4   0x0000000c   Data   RO         1567    .rodata.memp_FRAG_PBUF  memp.o
    0x00127b00   0x00127b00   0x0000000c   Data   RO         1570    .rodata.memp_NETBUF  memp.o
    0x00127b0c   0x00127b0c   0x0000000c   Data   RO         1573    .rodata.memp_NETCONN  memp.o
    0x00127b18   0x00127b18   0x0000000c   Data   RO         1585    .rodata.memp_PBUF   memp.o
    0x00127b24   0x00127b24   0x0000000c   Data   RO         1588    .rodata.memp_PBUF_POOL  memp.o
    0x00127b30   0x00127b30   0x0000000c   Data   RO         1564    .rodata.memp_REASSDATA  memp.o
    0x00127b3c   0x00127b3c   0x0000000c   Data   RO         1582    .rodata.memp_SYS_TIMEOUT  memp.o
    0x00127b48   0x00127b48   0x0000000c   Data   RO         1576    .rodata.memp_TCPIP_MSG_API  memp.o
    0x00127b54   0x00127b54   0x0000000c   Data   RO         1579    .rodata.memp_TCPIP_MSG_INPKT  memp.o
    0x00127b60   0x00127b60   0x0000000c   Data   RO         1555    .rodata.memp_TCP_PCB  memp.o
    0x00127b6c   0x00127b6c   0x0000000c   Data   RO         1558    .rodata.memp_TCP_PCB_LISTEN  memp.o
    0x00127b78   0x00127b78   0x0000000c   Data   RO         1561    .rodata.memp_TCP_SEG  memp.o
    0x00127b84   0x00127b84   0x0000000c   Data   RO         1552    .rodata.memp_UDP_PCB  memp.o
    0x00127b90   0x00127b90   0x0000000c   Data   RO          139    .rodata.memp_emac_rx  emac.o
    0x00127b9c   0x00127b9c   0x00000034   Data   RO         1589    .rodata.memp_pools  memp.o
    0x00127bd0   0x00127bd0   0x00000001   Data   RO         2278    .rodata.netconn_aborted  api_msg.o
    0x00127bd1   0x00127bd1   0x00000001   Data   RO         2280    .rodata.netconn_closed  api_msg.o
    0x00127bd2   0x00127bd2   0x00000001   Data   RO         2279    .rodata.netconn_reset  api_msg.o
    0x00127bd3   0x00127bd3   0x0000000c   Data   RO          113    .rodata.str1.1      httpserver-netconn.o
    0x00127bdf   0x00127bdf   0x000000c4   Data   RO          715    .rodata.str1.1      retarget.o
    0x00127ca3   0x00127ca3   0x0000005b   Data   RO         1429    .rodata.str1.1      ethernetif.o
    0x00127cfe   0x00127cfe   0x00000133   Data   RO         1526    .rodata.str1.1      mem.o
    0x00127e31   0x00127e31   0x0000009f   Data   RO         1590    .rodata.str1.1      memp.o
    0x00127ed0   0x00127ed0   0x0000004b   Data   RO         1642    .rodata.str1.1      netif.o
    0x00127f1b   0x00127f1b   0x000000f6   Data   RO         1721    .rodata.str1.1      pbuf.o
    0x00128011   0x00128011   0x0000020d   Data   RO         1842    .rodata.str1.1      tcp.o
    0x0012821e   0x0012821e   0x000001b4   Data   RO         1881    .rodata.str1.1      tcp_in.o
    0x001283d2   0x001283d2   0x00000316   Data   RO         1942    .rodata.str1.1      tcp_out.o
    0x001286e8   0x001286e8   0x0000008b   Data   RO         1975    .rodata.str1.1      timeouts.o
    0x00128773   0x00128773   0x000000aa   Data   RO         2020    .rodata.str1.1      udp.o
    0x0012881d   0x0012881d   0x000000cc   Data   RO         2058    .rodata.str1.1      etharp.o
    0x001288e9   0x001288e9   0x0000004f   Data   RO         2079    .rodata.str1.1      icmp.o
    0x00128938   0x00128938   0x0000005a   Data   RO         2102    .rodata.str1.1      ip4.o
    0x00128992   0x00128992   0x000000a7   Data   RO         2154    .rodata.str1.1      ip4_frag.o
    0x00128a39   0x00128a39   0x000000ef   Data   RO         2216    .rodata.str1.1      api_lib.o
    0x00128b28   0x00128b28   0x00000132   Data   RO         2281    .rodata.str1.1      api_msg.o
    0x00128c5a   0x00128c5a   0x0000004b   Data   RO         2324    .rodata.str1.1      netbuf.o
    0x00128ca5   0x00128ca5   0x00000075   Data   RO         2457    .rodata.str1.1      tcpip.o
    0x00128d1a   0x00128d1a   0x0000004f   Data   RO         2478    .rodata.str1.1      ethernet.o
    0x00128d69   0x00128d69   0x0000000d   Data   RO         1848    .rodata.tcp_backoff  tcp.o
    0x00128d76   0x00128d76   0x00000002   PAD
    0x00128d78   0x00128d78   0x00000010   Data   RO         1840    .rodata.tcp_pcb_lists  tcp.o
    0x00128d88   0x00128d88   0x00000007   Data   RO         1847    .rodata.tcp_persist_backoff  tcp.o
    0x00128d8f   0x00128d8f   0x00000001   PAD
    0x00128d90   0x00128d90   0x00000004   Data   RO          302    .rodata.uxTopUsedPriority  tasks.o
    0x00128d94   0x00128d94   0x00000050   Data   RO         2888    Region$$Table       anon$$obj.o
    0x00128de4   0x00128de4   0x00000004   Data   RO           42    .init_array         system_M55M1.o
    0x00128de8   0x00128de4   0x00000000   Data   RO         2817    .init_array         mc_w.l(cpp_init.o)


    Execution Region DTCM_VTOR (Exec base: 0x20000000, Load base: 0x00129020, Size: 0x000002c8, Max: 0xffffffff, ABSOLUTE)

    Exec Addr    Load Addr    Size         Type   Attr      Idx    E Section Name        Object

    0x20000000   0x00129020   0x000002c8   Data   RO           13    DTCM.VTOR           startup_M55M1.o


    Execution Region DTCM (Exec base: 0x200002c8, Load base: 0x001292e8, Size: 0x00000000, Max: 0xffffffff, ABSOLUTE)

    **** No section assigned to this execution region ****


    Execution Region ARM_LIB_STACK (Exec base: 0x2001f800, Load base: 0x001292e8, Size: 0x00000800, Max: 0x00000800, ABSOLUTE)

    Exec Addr    Load Addr    Size         Type   Attr      Idx    E Section Name        Object

    0x2001f800        -       0x00000800   Zero   RW            2    ARM_LIB_STACK.bss   anon$$obj.o


    Execution Region RW_NOINIT (Exec base: 0x20100000, Load base: 0x00128fec, Size: 0x00000000, Max: 0x0012f800, ABSOLUTE, UNINIT)

    **** No section assigned to this execution region ****


    Execution Region RW_RAM (Exec base: 0x20100000, Load base: 0x00128fec, Size: 0x0001da44, Max: 0xffffffff, ABSOLUTE)

    Exec Addr    Load Addr    Size         Type   Attr      Idx    E Section Name        Object

    0x20100000   0x00128fec   0x00000004   Data   RW         2835    .data               mc_w.l(stdout.o)
    0x20100004   0x00128ff0   0x00000004   Data   RW           38    .data.CyclesPerUs   system_M55M1.o
    0x20100008   0x00128ff4   0x00000004   Data   RW           39    .data.PllClock      system_M55M1.o
    0x2010000c   0x00128ff8   0x00000004   Data   RW           37    .data.SystemCoreClock  system_M55M1.o
    0x20100010   0x00128ffc   0x00000006   Data   RW           66    .data.my_mac_addr   main.o
    0x20100016   0x00129002   0x00000002   PAD
    0x20100018   0x00129004   0x00000004   Data   RW          601    .data.prvCheckReceivedValue.ulExpectedReceivedFromISR  QueueSet.o
    0x2010001c   0x00129008   0x00000004   Data   RW         1849    .data.tcp_next_iss.iss  tcp.o
    0x20100020   0x0012900c   0x00000002   Data   RW         1841    .data.tcp_port      tcp.o
    0x20100022   0x0012900e   0x00000002   Data   RW         2019    .data.udp_port      udp.o
    0x20100024   0x00129010   0x00000004   Data   RW          641    .data.ulCriticalNesting  port.o
    0x20100028   0x00129014   0x00000004   Data   RW          592    .data.ulISRTxValue  QueueSet.o
    0x2010002c   0x00129018   0x00000004   Data   RW          403    .data.xFreeBytesRemaining  heap_2.o
    0x20100030   0x0012901c   0x00000004   Data   RW          591    .data.xQueueSetTasksStatus  QueueSet.o
    0x20100034        -       0x000000cc   Zero   RW          140    .bss.GMACdev        emac.o
    0x20100100        -       0x00000004   Zero   RW         1428    .bss._netif         ethernetif.o
    0x20100104        -       0x00000004   Zero   RW         1887    .bss.ackno          tcp_in.o
    0x20100108        -       0x000000f0   Zero   RW         2057    .bss.arp_table      etharp.o
    0x201001f8        -       0x00000004   Zero   RW         1977    .bss.current_timeout_due_time  timeouts.o
    0x201001fc        -       0x00000001   Zero   RW         2059    .bss.etharp_cached_entry  etharp.o
    0x201001fd        -       0x00000001   Zero   RW         1888    .bss.flags          tcp_in.o
    0x201001fe   0x00129020   0x00000002   PAD
    0x20100200        -       0x000000f0   Zero   RW           94    .bss.fs_memory      fs.o
    0x201002f0        -       0x00000004   Zero   RW           40    .bss.g_u32NonCacheableBase  system_M55M1.o
    0x201002f4        -       0x00000004   Zero   RW           41    .bss.g_u32NonCacheableLimit  system_M55M1.o
    0x201002f8        -       0x00000010   Zero   RW         1890    .bss.inseg          tcp_in.o
    0x20100308        -       0x00000010   Zero   RW         2130    .bss.ip4addr_ntoa.str  ip4_addr.o
    0x20100318        -       0x00000018   Zero   RW         1502    .bss.ip_data        ip.o
    0x20100330        -       0x00000002   Zero   RW         2103    .bss.ip_id          ip4.o
    0x20100332        -       0x00000002   Zero   RW         2153    .bss.ip_reass_pbufcount  ip4_frag.o
    0x20100334        -       0x00000004   Zero   RW         1524    .bss.lfree          mem.o
    0x20100338        -       0x00000004   Zero   RW         2458    .bss.lock_tcpip_core  tcpip.o
    0x2010033c        -       0x00000004   Zero   RW         1525    .bss.mem_mutex      mem.o
    0x20100340        -       0x0000016b   Zero   RW         1565    .bss.memp_memory_FRAG_PBUF_base  memp.o
    0x201004ab        -       0x00000023   Zero   RW         1568    .bss.memp_memory_NETBUF_base  memp.o
    0x201004ce        -       0x000000a3   Zero   RW         1571    .bss.memp_memory_NETCONN_base  memp.o
    0x20100571        -       0x00008603   Zero   RW         1586    .bss.memp_memory_PBUF_POOL_base  memp.o
    0x20108b74        -       0x00000403   Zero   RW         1583    .bss.memp_memory_PBUF_base  memp.o
    0x20108f77        -       0x000000a3   Zero   RW         1562    .bss.memp_memory_REASSDATA_base  memp.o
    0x2010901a        -       0x00000033   Zero   RW         1580    .bss.memp_memory_SYS_TIMEOUT_base  memp.o
    0x2010904d        -       0x00000083   Zero   RW         1574    .bss.memp_memory_TCPIP_MSG_API_base  memp.o
    0x201090d0        -       0x00000083   Zero   RW         1577    .bss.memp_memory_TCPIP_MSG_INPKT_base  memp.o
    0x20109153        -       0x000000e3   Zero   RW         1556    .bss.memp_memory_TCP_PCB_LISTEN_base  memp.o
    0x20109236        -       0x0000030f   Zero   RW         1553    .bss.memp_memory_TCP_PCB_base  memp.o
    0x20109545        -       0x00000103   Zero   RW         1559    .bss.memp_memory_TCP_SEG_base  memp.o
    0x20109648        -       0x00000083   Zero   RW         1550    .bss.memp_memory_UDP_PCB_base  memp.o
    0x201096cb        -       0x00000303   Zero   RW          137    .bss.memp_memory_emac_rx_base  emac.o
    0x201099ce   0x00129020   0x00000002   PAD
    0x201099d0        -       0x00000004   Zero   RW         1566    .bss.memp_tab_FRAG_PBUF  memp.o
    0x201099d4        -       0x00000004   Zero   RW         1569    .bss.memp_tab_NETBUF  memp.o
    0x201099d8        -       0x00000004   Zero   RW         1572    .bss.memp_tab_NETCONN  memp.o
    0x201099dc        -       0x00000004   Zero   RW         1584    .bss.memp_tab_PBUF  memp.o
    0x201099e0        -       0x00000004   Zero   RW         1587    .bss.memp_tab_PBUF_POOL  memp.o
    0x201099e4        -       0x00000004   Zero   RW         1563    .bss.memp_tab_REASSDATA  memp.o
    0x201099e8        -       0x00000004   Zero   RW         1581    .bss.memp_tab_SYS_TIMEOUT  memp.o
    0x201099ec        -       0x00000004   Zero   RW         1575    .bss.memp_tab_TCPIP_MSG_API  memp.o
    0x201099f0        -       0x00000004   Zero   RW         1578    .bss.memp_tab_TCPIP_MSG_INPKT  memp.o
    0x201099f4        -       0x00000004   Zero   RW         1554    .bss.memp_tab_TCP_PCB  memp.o
    0x201099f8        -       0x00000004   Zero   RW         1557    .bss.memp_tab_TCP_PCB_LISTEN  memp.o
    0x201099fc        -       0x00000004   Zero   RW         1560    .bss.memp_tab_TCP_SEG  memp.o
    0x20109a00        -       0x00000004   Zero   RW         1551    .bss.memp_tab_UDP_PCB  memp.o
    0x20109a04        -       0x00000004   Zero   RW          138    .bss.memp_tab_emac_rx  emac.o
    0x20109a08        -       0x00000030   Zero   RW           67    .bss.netif          main.o
    0x20109a38        -       0x00000004   Zero   RW         1645    .bss.netif_default  netif.o
    0x20109a3c        -       0x00000004   Zero   RW         1644    .bss.netif_list     netif.o
    0x20109a40        -       0x00000001   Zero   RW         1643    .bss.netif_num      netif.o
    0x20109a41   0x00129020   0x00000003   PAD
    0x20109a44        -       0x00000004   Zero   RW         1976    .bss.next_timeout   timeouts.o
    0x20109a48        -       0x00000001   Zero   RW         1722    .bss.pbuf_free_ooseq_pending  pbuf.o
    0x20109a49        -       0x00000001   Zero   RW          598    .bss.prvChangeRelativePriorities.ePriorities  QueueSet.o
    0x20109a4a   0x00129020   0x00000002   PAD
    0x20109a4c        -       0x00000004   Zero   RW          597    .bss.prvChangeRelativePriorities.ulLoops  QueueSet.o
    0x20109a50        -       0x00000004   Zero   RW          600    .bss.prvCheckReceivedValue.ulExpectedReceivedFromTask  QueueSet.o
    0x20109a54        -       0x00000004   Zero   RW          378    .bss.prvSampleTimeNow.xLastTime  timers.o
    0x20109a58        -       0x00000004   Zero   RW          602    .bss.prvSendToQueueInSetFromISR.xQueueToWriteTo  QueueSet.o
    0x20109a5c        -       0x00000001   Zero   RW          402    .bss.pvPortMalloc.xHeapHasBeenInitialised  heap_2.o
    0x20109a5d   0x00129020   0x00000003   PAD
    0x20109a60        -       0x00000004   Zero   RW          301    .bss.pxCurrentTCB   tasks.o
    0x20109a64        -       0x00000004   Zero   RW          376    .bss.pxCurrentTimerList  timers.o
    0x20109a68        -       0x00000004   Zero   RW          310    .bss.pxDelayedTaskList  tasks.o
    0x20109a6c        -       0x00000004   Zero   RW          311    .bss.pxOverflowDelayedTaskList  tasks.o
    0x20109a70        -       0x00000004   Zero   RW          377    .bss.pxOverflowTimerList  timers.o
    0x20109a74        -       0x000000a0   Zero   RW          313    .bss.pxReadyTasksLists  tasks.o
    0x20109b14        -       0x00000004   Zero   RW         1522    .bss.ram            mem.o
    0x20109b18        -       0x00000004   Zero   RW         1523    .bss.ram_end        mem.o
    0x20109b1c        -       0x00007543   Zero   RW         1521    .bss.ram_heap       mem.o
    0x2011105f   0x00129020   0x00000001   PAD
    0x20111060        -       0x00000004   Zero   RW         2152    .bss.reassdatagrams  ip4_frag.o
    0x20111064        -       0x00000002   Zero   RW         1893    .bss.recv_acked     tcp_in.o
    0x20111066   0x00129020   0x00000002   PAD
    0x20111068        -       0x00000004   Zero   RW         1891    .bss.recv_data      tcp_in.o
    0x2011106c        -       0x00000001   Zero   RW         1892    .bss.recv_flags     tcp_in.o
    0x2011106d   0x00129020   0x00000001   PAD
    0x2011106e        -       0x00000008   Zero   RW          559    .bss.sCheckVariables  semtest.o
    0x20111076        -       0x00000002   Zero   RW          560    .bss.sNextCheckVariable  semtest.o
    0x20111078        -       0x00000004   Zero   RW         1886    .bss.seqno          tcp_in.o
    0x2011107c        -       0x00000004   Zero   RW         1838    .bss.tcp_active_pcbs  tcp.o
    0x20111080        -       0x00000001   Zero   RW         1844    .bss.tcp_active_pcbs_changed  tcp.o
    0x20111081   0x00129020   0x00000003   PAD
    0x20111084        -       0x00000004   Zero   RW         1837    .bss.tcp_bound_pcbs  tcp.o
    0x20111088        -       0x00000004   Zero   RW         1894    .bss.tcp_input_pcb  tcp_in.o
    0x2011108c        -       0x00000004   Zero   RW         1836    .bss.tcp_listen_pcbs  tcp.o
    0x20111090        -       0x00000004   Zero   RW         1845    .bss.tcp_ticks      tcp.o
    0x20111094        -       0x00000001   Zero   RW         1843    .bss.tcp_timer      tcp.o
    0x20111095        -       0x00000001   Zero   RW         1846    .bss.tcp_timer_ctr  tcp.o
    0x20111096   0x00129020   0x00000002   PAD
    0x20111098        -       0x00000004   Zero   RW         1839    .bss.tcp_tw_pcbs    tcp.o
    0x2011109c        -       0x00000004   Zero   RW         1882    .bss.tcphdr         tcp_in.o
    0x201110a0        -       0x00000002   Zero   RW         1885    .bss.tcphdr_opt1len  tcp_in.o
    0x201110a2   0x00129020   0x00000002   PAD
    0x201110a4        -       0x00000004   Zero   RW         1884    .bss.tcphdr_opt2    tcp_in.o
    0x201110a8        -       0x00000002   Zero   RW         1883    .bss.tcphdr_optlen  tcp_in.o
    0x201110aa   0x00129020   0x00000002   PAD
    0x201110ac        -       0x00000004   Zero   RW         2459    .bss.tcpip_init_done  tcpip.o
    0x201110b0        -       0x00000004   Zero   RW         2460    .bss.tcpip_init_done_arg  tcpip.o
    0x201110b4        -       0x00000004   Zero   RW         2456    .bss.tcpip_mbox     tcpip.o
    0x201110b8        -       0x00000001   Zero   RW         1974    .bss.tcpip_tcp_timer_active  timeouts.o
    0x201110b9   0x00129020   0x00000001   PAD
    0x201110ba        -       0x00000002   Zero   RW         1889    .bss.tcplen         tcp_in.o
    0x201110bc        -       0x0000c800   Zero   RW          406    .bss.ucHeap         heap_2.o
    0x2011d8bc        -       0x00000004   Zero   RW         2021    .bss.udp_pcbs       udp.o
    0x2011d8c0        -       0x00000004   Zero   RW          589    .bss.ulCycleCounter  QueueSet.o
    0x2011d8c4        -       0x00000004   Zero   RW          517    .bss.ulGuardedVariable  GenQTest.o
    0x2011d8c8        -       0x00000004   Zero   RW          514    .bss.ulLoopCounter  GenQTest.o
    0x2011d8cc        -       0x00000004   Zero   RW          516    .bss.ulLoopCounter2  GenQTest.o
    0x2011d8d0        -       0x0000000c   Zero   RW          590    .bss.ulQueueUsedCounter  QueueSet.o
    0x2011d8dc        -       0x00000001   Zero   RW          640    .bss.ulStoppedTimerCompensation  port.o
    0x2011d8dd   0x00129020   0x00000003   PAD
    0x2011d8e0        -       0x00000001   Zero   RW          639    .bss.ulTimerCountsForOneTick  port.o
    0x2011d8e1   0x00129020   0x00000003   PAD
    0x2011d8e4        -       0x00000004   Zero   RW          306    .bss.uxCurrentNumberOfTasks  tasks.o
    0x2011d8e8        -       0x00000004   Zero   RW          305    .bss.uxDeletedTasksWaitingCleanUp  tasks.o
    0x2011d8ec        -       0x00000004   Zero   RW          596    .bss.uxNextRand     QueueSet.o
    0x2011d8f0        -       0x00000004   Zero   RW          308    .bss.uxSchedulerSuspended  tasks.o
    0x2011d8f4        -       0x00000004   Zero   RW          303    .bss.uxTaskNumber   tasks.o
    0x2011d8f8        -       0x00000004   Zero   RW          314    .bss.uxTopReadyPriority  tasks.o
    0x2011d8fc        -       0x00000004   Zero   RW          593    .bss.vQueueSetAccessQueueSetFromISR.ulCallCount  QueueSet.o
    0x2011d900        -       0x00000004   Zero   RW          538    .bss.vStartPolledQueueTasks.xPolledQueue  PollQ.o
    0x2011d904        -       0x00000014   Zero   RW          379    .bss.xActiveTimerList1  timers.o
    0x2011d918        -       0x00000014   Zero   RW          380    .bss.xActiveTimerList2  timers.o
    0x2011d92c        -       0x00000004   Zero   RW          518    .bss.xBlockWasAborted  GenQTest.o
    0x2011d930        -       0x00000014   Zero   RW          321    .bss.xDelayedTaskList1  tasks.o
    0x2011d944        -       0x00000014   Zero   RW          322    .bss.xDelayedTaskList2  tasks.o
    0x2011d958        -       0x00000008   Zero   RW          405    .bss.xEnd           heap_2.o
    0x2011d960        -       0x00000004   Zero   RW          515    .bss.xErrorDetected  GenQTest.o
    0x2011d964        -       0x00000004   Zero   RW          511    .bss.xHighPriorityMutexTask  GenQTest.o
    0x2011d968        -       0x00000004   Zero   RW          315    .bss.xIdleTaskHandle  tasks.o
    0x2011d96c        -       0x00000001   Zero   RW          638    .bss.xMaximumPossibleSuppressedTicks  port.o
    0x2011d96d   0x00129020   0x00000003   PAD
    0x2011d970        -       0x00000004   Zero   RW          510    .bss.xMediumPriorityMutexTask  GenQTest.o
    0x2011d974        -       0x00000004   Zero   RW          316    .bss.xNextTaskUnblockTime  tasks.o
    0x2011d978        -       0x00000004   Zero   RW          320    .bss.xNumOfOverflows  tasks.o
    0x2011d97c        -       0x00000004   Zero   RW          319    .bss.xPendedTicks   tasks.o
    0x2011d980        -       0x00000014   Zero   RW          317    .bss.xPendingReadyList  tasks.o
    0x2011d994        -       0x00000004   Zero   RW          539    .bss.xPollingConsumerCount  PollQ.o
    0x2011d998        -       0x00000004   Zero   RW          540    .bss.xPollingProducerCount  PollQ.o
    0x2011d99c        -       0x00000040   Zero   RW          486    .bss.xQueueRegistry  queue.o
    0x2011d9dc        -       0x00000004   Zero   RW          599    .bss.xQueueSet      QueueSet.o
    0x2011d9e0        -       0x00000004   Zero   RW          585    .bss.xQueueSetReceivingTask  QueueSet.o
    0x2011d9e4        -       0x00000004   Zero   RW          584    .bss.xQueueSetSendingTask  QueueSet.o
    0x2011d9e8        -       0x0000000c   Zero   RW          595    .bss.xQueues        QueueSet.o
    0x2011d9f4        -       0x00000004   Zero   RW         1426    .bss.xRxSemaphore   ethernetif.o
    0x2011d9f8        -       0x00000004   Zero   RW         1427    .bss.xRxThread      ethernetif.o
    0x2011d9fc        -       0x00000004   Zero   RW          307    .bss.xSchedulerRunning  tasks.o
    0x2011da00        -       0x00000004   Zero   RW          594    .bss.xSetupComplete  QueueSet.o
    0x2011da04        -       0x00000008   Zero   RW          404    .bss.xStart         heap_2.o
    0x2011da0c        -       0x00000014   Zero   RW          312    .bss.xSuspendedTaskList  tasks.o
    0x2011da20        -       0x00000014   Zero   RW          304    .bss.xTasksWaitingTermination  tasks.o
    0x2011da34        -       0x00000004   Zero   RW          309    .bss.xTickCount     tasks.o
    0x2011da38        -       0x00000004   Zero   RW          374    .bss.xTimerQueue    timers.o
    0x2011da3c        -       0x00000004   Zero   RW          375    .bss.xTimerTaskHandle  timers.o
    0x2011da40        -       0x00000004   Zero   RW          318    .bss.xYieldPending  tasks.o


    Execution Region ARM_LIB_HEAP (Exec base: 0x2011da48, Load base: 0x00129020, Size: 0x00000800, Max: 0x00000800, ABSOLUTE)

    Exec Addr    Load Addr    Size         Type   Attr      Idx    E Section Name        Object

    0x2011da48        -       0x00000800   Zero   RW            1    ARM_LIB_HEAP.bss    anon$$obj.o


    Execution Region SRAM_NONCACHEABLE (Exec base: 0x20230000, Load base: 0x001292e8, Size: 0x00012600, Max: 0x00020000, ABSOLUTE)

    Exec Addr    Load Addr    Size         Type   Attr      Idx    E Section Name        Object

    0x20230000        -       0x00012600   Zero   RW          141    .bss.NonCacheable.ZeroInit  emac.o


    Execution Region SRAM_NONCACHEABLE_END (Exec base: 0x20250000, Load base: 0x001292e8, Size: 0x00000000, Max: 0xffffffff, ABSOLUTE)

    **** No section assigned to this execution region ****


    Execution Region LPSRAM (Exec base: 0x20310000, Load base: 0x001292e8, Size: 0x00000000, Max: 0x00002000, ABSOLUTE)

    **** No section assigned to this execution region ****


==============================================================================

Image component sizes


      Code (inc. data)   RO Data    RW Data    ZI Data      Debug   Object Name

      1562         64          0          0         28       5144   GenQTest.o
       314         32          0          0         12       2976   PollQ.o
      2384         16          0         12         65       8140   QueueSet.o
      2152        400        239          0          0      20141   api_lib.o
      5402        812        309          0          0      21557   api_msg.o
      2208         24         20          0          0      20475   clk.o
         8          0          0          0          0       3065   def.o
      1452        260         12          0      76243      19855   emac.o
      2610        288        204          0        241      12676   etharp.o
       372         92         91          0          0       4073   ethernet.o
       354         64         91          0         12       7458   ethernetif.o
       160          0      88411          0        240       3225   fs.o
       120          0          0          0          0       4962   gpio.o
       368          0          0          4      51217       3826   heap_2.o
       408        128         12          0          0       5345   httpserver-netconn.o
       708        152         79          0          0       5709   icmp.o
       596          0          0          0          0       6406   inet_chksum.o
        34          0          0          0          0       1087   init.o
         0          0          0          0         24          0   ip.o
       940         48         90          0          2       6506   ip4.o
       238          0          4          0         16       6058   ip4_addr.o
      2914        340        167          0          6      12095   ip4_frag.o
       150          0          0          0          0       2663   list.o
       696        136          0          6         48       9912   main.o
      1932        340        307          0      30035       6624   mem.o
       624         60        367          0      37823       6327   memp.o
       458          0          0          0          0       7068   mii.o
       224         88         75          0          0       5220   netbuf.o
       924        196         75          0          9      10643   netif.o
      2662        488        246          0          1      23224   pbuf.o
       824          0          0          4          3       5049   port.o
       260         16          0          0          0       2006   portasm.o
      3090          0          0          0         64      19728   queue.o
       486        120        196          0          0       9713   retarget.o
       458         64          0          0         10       3679   semtest.o
       506          0        744          0          0      15858   startup_M55M1.o
      2526          0          0          0          0      54454   synopGMAC_Dev.o
       972         68          0          0          0      14911   synopGMAC_network_interface.o
       142          0          0          0          0       4153   synopGMAC_plat.o
        34          0          0          0          0       6336   sys.o
       468          0          0          0          0       7278   sys_arch.o
       948          0          4         12          8      13772   system_M55M1.o
      4238          8          4          0        320      31065   tasks.o
      7028       1128        561          6         23      26568   tcp.o
      6704        456        436          0         50      15633   tcp_in.o
      6514        972        790          0          0      20224   tcp_out.o
       782         88        117          0         16       8976   tcpip.o
       898         56        163          0          9       6269   timeouts.o
       866         26          0          0         60      11301   timers.o
       510          0         20          0          0      11345   uart.o
      1258        192        170          2          4      12116   udp.o

    ----------------------------------------------------------------------
     72856       7234      94088         48     200720     552894   Object Totals
         0          0         80          0       4096          0   (incl. Generated)
       370         12          4          2         35          0   (incl. Padding)

    ----------------------------------------------------------------------

      Code (inc. data)   RO Data    RW Data    ZI Data      Debug   Library Member Name

        40          8          0          0          0         80   cpp_init.o
         0          0          0          0          0          0   entry.o
         0          0          0          0          0          0   entry10a.o
         0          0          0          0          0          0   entry11a.o
         8          4          0          0          0          0   entry4.o
         4          0          0          0          0          0   entry5.o
         0          0          0          0          0          0   entry7b.o
         4          0          0          0          0          0   entry8a.o
         0          0          0          0          0          0   entry8b.o
         8          4          0          0          0          0   entry9a.o
        30          0          0          0          0          0   handlers.o
        48         10          0          0          0         68   init.o
        30          0          0          0          0         68   llshl.o
        32          0          0          0          0         68   llushr.o
        26          0          0          0          0         80   memcmp.o
        64          0          0          0          0         76   memmovea.o
        36          0          0          0          0        108   memseta.o
      1154         54          0          0          0        352   printf8.o
        36          6          0          0          0         80   puts.o
         0          0          0          4          0          0   stdout.o
        28          0          0          0          0         76   strcmp.o
        30          0          0          0          0         80   strncmp.o
        98          0          0          0          0         92   uldiv.o

    ----------------------------------------------------------------------
      1684         86          0          4          0       1228   Library Totals
         8          0          0          0          0          0   (incl. Padding)

    ----------------------------------------------------------------------

      Code (inc. data)   RO Data    RW Data    ZI Data      Debug   Library Name

      1676         86          0          4          0       1228   mc_w.l

    ----------------------------------------------------------------------
      1684         86          0          4          0       1228   Library Totals

    ----------------------------------------------------------------------

==============================================================================


      Code (inc. data)   RO Data    RW Data    ZI Data      Debug   

     74540       7320      94088         52     200720     552722   Grand Totals
     74540       7320      94088         52     200720     552722   ELF Image Totals
     74540       7320      94088         52          0          0   ROM Totals

==============================================================================

    Total RO  Size (Code + RO Data)               168628 ( 164.68kB)
    Total RW  Size (RW Data + ZI Data)            200772 ( 196.07kB)
    Total ROM Size (Code + RO Data + RW Data)     168680 ( 164.73kB)

==============================================================================

